Component: ARM Compiler 5.06 update 5 (build 528) Tool: armlink [4d35e2]

==============================================================================

Section Cross References

    startup_stm32f091xc.o(RESET) refers to startup_stm32f091xc.o(STACK) for __initial_sp
    startup_stm32f091xc.o(RESET) refers to startup_stm32f091xc.o(.text) for Reset_Handler
    startup_stm32f091xc.o(RESET) refers to stm32f0xx_it.o(i.SVC_Handler) for SVC_Handler
    startup_stm32f091xc.o(RESET) refers to stm32f0xx_it.o(i.PendSV_Handler) for PendSV_Handler
    startup_stm32f091xc.o(RESET) refers to stm32f0xx_it.o(i.SysTick_Handler) for SysTick_Handler
    startup_stm32f091xc.o(RESET) refers to stm32f0xx_it.o(i.DMA1_Ch1_IRQHandler) for DMA1_Ch1_IRQHandler
    startup_stm32f091xc.o(RESET) refers to stm32f0xx_it.o(i.DMA1_Ch2_3_DMA2_Ch1_2_IRQHandler) for DMA1_Ch2_3_DMA2_Ch1_2_IRQHandler
    startup_stm32f091xc.o(RESET) refers to stm32f0xx_it.o(i.DMA1_Ch4_7_DMA2_Ch3_5_IRQHandler) for DMA1_Ch4_7_DMA2_Ch3_5_IRQHandler
    startup_stm32f091xc.o(RESET) refers to stm32f0xx_it.o(i.USART1_IRQHandler) for USART1_IRQHandler
    startup_stm32f091xc.o(RESET) refers to stm32f0xx_it.o(i.USART2_IRQHandler) for USART2_IRQHandler
    startup_stm32f091xc.o(RESET) refers to stm32f0xx_it.o(i.USART3_8_IRQHandler) for USART3_8_IRQHandler
    startup_stm32f091xc.o(.text) refers to system_stm32f0xx.o(i.SystemInit) for SystemInit
    startup_stm32f091xc.o(.text) refers to entry.o(.ARM.Collect$$$$00000000) for __main
    stm32f0xx_it.o(i.DMA1_Ch1_IRQHandler) refers to stm32f0xx_hal_dma.o(i.HAL_DMA_IRQHandler) for HAL_DMA_IRQHandler
    stm32f0xx_it.o(i.DMA1_Ch1_IRQHandler) refers to main.o(.bss) for hdma_usart1_rx
    stm32f0xx_it.o(i.DMA1_Ch2_3_DMA2_Ch1_2_IRQHandler) refers to stm32f0xx_hal_dma.o(i.HAL_DMA_IRQHandler) for HAL_DMA_IRQHandler
    stm32f0xx_it.o(i.DMA1_Ch2_3_DMA2_Ch1_2_IRQHandler) refers to main.o(.bss) for hdma_usart2_rx
    stm32f0xx_it.o(i.DMA1_Ch4_7_DMA2_Ch3_5_IRQHandler) refers to stm32f0xx_hal_dma.o(i.HAL_DMA_IRQHandler) for HAL_DMA_IRQHandler
    stm32f0xx_it.o(i.DMA1_Ch4_7_DMA2_Ch3_5_IRQHandler) refers to main.o(.bss) for hdma_usart3_rx
    stm32f0xx_it.o(i.SysTick_Handler) refers to stm32f0xx_hal.o(i.HAL_IncTick) for HAL_IncTick
    stm32f0xx_it.o(i.SysTick_Handler) refers to stm32f0xx_hal_cortex.o(i.HAL_SYSTICK_IRQHandler) for HAL_SYSTICK_IRQHandler
    stm32f0xx_it.o(i.USART1_IRQHandler) refers to stm32f0xx_hal_uart.o(i.HAL_UART_IRQHandler) for HAL_UART_IRQHandler
    stm32f0xx_it.o(i.USART1_IRQHandler) refers to main.o(.bss) for huart1
    stm32f0xx_it.o(i.USART2_IRQHandler) refers to stm32f0xx_hal_uart.o(i.HAL_UART_IRQHandler) for HAL_UART_IRQHandler
    stm32f0xx_it.o(i.USART2_IRQHandler) refers to main.o(.bss) for huart2
    stm32f0xx_it.o(i.USART3_8_IRQHandler) refers to stm32f0xx_hal_uart.o(i.HAL_UART_IRQHandler) for HAL_UART_IRQHandler
    stm32f0xx_it.o(i.USART3_8_IRQHandler) refers to main.o(.bss) for huart3
    stm32f0xx_hal_msp.o(i.HAL_MspInit) refers to stm32f0xx_hal_cortex.o(i.HAL_NVIC_SetPriority) for HAL_NVIC_SetPriority
    stm32f0xx_hal_msp.o(i.HAL_UART_MspDeInit) refers to stm32f0xx_hal_gpio.o(i.HAL_GPIO_DeInit) for HAL_GPIO_DeInit
    stm32f0xx_hal_msp.o(i.HAL_UART_MspDeInit) refers to stm32f0xx_hal_dma.o(i.HAL_DMA_DeInit) for HAL_DMA_DeInit
    stm32f0xx_hal_msp.o(i.HAL_UART_MspDeInit) refers to stm32f0xx_hal_cortex.o(i.HAL_NVIC_DisableIRQ) for HAL_NVIC_DisableIRQ
    stm32f0xx_hal_msp.o(i.HAL_UART_MspInit) refers to stm32f0xx_hal_gpio.o(i.HAL_GPIO_Init) for HAL_GPIO_Init
    stm32f0xx_hal_msp.o(i.HAL_UART_MspInit) refers to stm32f0xx_hal_dma.o(i.HAL_DMA_Init) for HAL_DMA_Init
    stm32f0xx_hal_msp.o(i.HAL_UART_MspInit) refers to main.o(i._Error_Handler) for _Error_Handler
    stm32f0xx_hal_msp.o(i.HAL_UART_MspInit) refers to stm32f0xx_hal_cortex.o(i.HAL_NVIC_SetPriority) for HAL_NVIC_SetPriority
    stm32f0xx_hal_msp.o(i.HAL_UART_MspInit) refers to stm32f0xx_hal_cortex.o(i.HAL_NVIC_EnableIRQ) for HAL_NVIC_EnableIRQ
    stm32f0xx_hal_msp.o(i.HAL_UART_MspInit) refers to main.o(.bss) for hdma_usart1_rx
    stm32f0xx_hal_msp.o(i.HAL_UART_MspInit) refers to main.o(.bss) for hdma_usart2_rx
    stm32f0xx_hal_msp.o(i.HAL_UART_MspInit) refers to main.o(.bss) for hdma_usart3_rx
    main.o(i.HAL_UART_RxCpltCallback) refers to stm32f0xx_hal_uart.o(i.HAL_UART_Transmit) for HAL_UART_Transmit
    main.o(i.HAL_UART_RxCpltCallback) refers to main.o(.bss) for .bss
    main.o(i.MX_USART1_UART_Init) refers to stm32f0xx_hal_uart.o(i.HAL_UART_Init) for HAL_UART_Init
    main.o(i.MX_USART1_UART_Init) refers to main.o(.bss) for .bss
    main.o(i.MX_USART2_UART_Init) refers to stm32f0xx_hal_uart.o(i.HAL_UART_Init) for HAL_UART_Init
    main.o(i.MX_USART2_UART_Init) refers to main.o(.bss) for .bss
    main.o(i.MX_USART3_UART_Init) refers to stm32f0xx_hal_uart.o(i.HAL_UART_Init) for HAL_UART_Init
    main.o(i.MX_USART3_UART_Init) refers to main.o(.bss) for .bss
[...]
    stm32f0xx_hal_i2c.o(i.I2C_ITAddrCplt) refers to stm32f0xx_hal_i2c.o(i.I2C_Disable_IRQ) for I2C_Disable_IRQ
    stm32f0xx_hal_i2c.o(i.I2C_ITAddrCplt) refers to stm32f0xx_hal_i2c.o(i.HAL_I2C_AddrCallback) for HAL_I2C_AddrCallback
    stm32f0xx_hal_i2c.o(i.I2C_ITError) refers to stm32f0xx_hal_i2c.o(i.I2C_Disable_IRQ) for I2C_Disable_IRQ
    stm32f0xx_hal_i2c.o(i.I2C_ITError) refers to stm32f0xx_hal_dma.o(i.HAL_DMA_Abort_IT) for HAL_DMA_Abort_IT
    stm32f0xx_hal_i2c.o(i.I2C_ITError) refers to stm32f0xx_hal_i2c.o(i.HAL_I2C_ErrorCallback) for HAL_I2C_ErrorCallback
    stm32f0xx_hal_i2c.o(i.I2C_ITError) refers to stm32f0xx_hal_i2c.o(i.HAL_I2C_AbortCpltCallback) for HAL_I2C_AbortCpltCallback
    stm32f0xx_hal_i2c.o(i.I2C_ITError) refers to stm32f0xx_hal_i2c.o(i.I2C_DMAAbort) for I2C_DMAAbort
    stm32f0xx_hal_i2c.o(i.I2C_ITError) refers to stm32f0xx_hal_i2c.o(i.I2C_Slave_ISR_IT) for I2C_Slave_ISR_IT
    stm32f0xx_hal_i2c.o(i.I2C_ITListenCplt) refers to stm32f0xx_hal_i2c.o(i.I2C_Disable_IRQ) for I2C_Disable_IRQ
    stm32f0xx_hal_i2c.o(i.I2C_ITListenCplt) refers to stm32f0xx_hal_i2c.o(i.HAL_I2C_ListenCpltCallback) for HAL_I2C_ListenCpltCallback
    stm32f0xx_hal_i2c.o(i.I2C_ITMasterCplt) refers to stm32f0xx_hal_i2c.o(i.I2C_Flush_TXDR) for I2C_Flush_TXDR
    stm32f0xx_hal_i2c.o(i.I2C_ITMasterCplt) refers to stm32f0xx_hal_i2c.o(i.I2C_Disable_IRQ) for I2C_Disable_IRQ
    stm32f0xx_hal_i2c.o(i.I2C_ITMasterCplt) refers to stm32f0xx_hal_i2c.o(i.HAL_I2C_MasterRxCpltCallback) for HAL_I2C_MasterRxCpltCallback
    stm32f0xx_hal_i2c.o(i.I2C_ITMasterCplt) refers to stm32f0xx_hal_i2c.o(i.I2C_ITError) for I2C_ITError
    stm32f0xx_hal_i2c.o(i.I2C_ITMasterCplt) refers to stm32f0xx_hal_i2c.o(i.HAL_I2C_MasterTxCpltCallback) for HAL_I2C_MasterTxCpltCallback
    stm32f0xx_hal_i2c.o(i.I2C_ITMasterCplt) refers to stm32f0xx_hal_i2c.o(i.HAL_I2C_MemTxCpltCallback) for HAL_I2C_MemTxCpltCallback
    stm32f0xx_hal_i2c.o(i.I2C_ITMasterCplt) refers to stm32f0xx_hal_i2c.o(i.HAL_I2C_MemRxCpltCallback) for HAL_I2C_MemRxCpltCallback
    stm32f0xx_hal_i2c.o(i.I2C_ITMasterSequentialCplt) refers to stm32f0xx_hal_i2c.o(i.I2C_Disable_IRQ) for I2C_Disable_IRQ
    stm32f0xx_hal_i2c.o(i.I2C_ITMasterSequentialCplt) refers to stm32f0xx_hal_i2c.o(i.HAL_I2C_MasterRxCpltCallback) for HAL_I2C_MasterRxCpltCallback
    stm32f0xx_hal_i2c.o(i.I2C_ITMasterSequentialCplt) refers to stm32f0xx_hal_i2c.o(i.HAL_I2C_MasterTxCpltCallback) for HAL_I2C_MasterTxCpltCallback
    stm32f0xx_hal_i2c.o(i.I2C_ITSlaveCplt) refers to stm32f0xx_hal_i2c.o(i.I2C_Disable_IRQ) for I2C_Disable_IRQ
    stm32f0xx_hal_i2c.o(i.I2C_ITSlaveCplt) refers to stm32f0xx_hal_i2c.o(i.I2C_Flush_TXDR) for I2C_Flush_TXDR
    stm32f0xx_hal_i2c.o(i.I2C_ITSlaveCplt) refers to stm32f0xx_hal_i2c.o(i.I2C_ITError) for I2C_ITError
    stm32f0xx_hal_i2c.o(i.I2C_ITSlaveCplt) refers to stm32f0xx_hal_i2c.o(i.I2C_ITListenCplt) for I2C_ITListenCplt
    stm32f0xx_hal_i2c.o(i.I2C_ITSlaveCplt) refers to stm32f0xx_hal_i2c.o(i.HAL_I2C_ListenCpltCallback) for HAL_I2C_ListenCpltCallback
    stm32f0xx_hal_i2c.o(i.I2C_ITSlaveCplt) refers to stm32f0xx_hal_i2c.o(i.HAL_I2C_SlaveTxCpltCallback) for HAL_I2C_SlaveTxCpltCallback
    stm32f0xx_hal_i2c.o(i.I2C_ITSlaveCplt) refers to stm32f0xx_hal_i2c.o(i.HAL_I2C_SlaveRxCpltCallback) for HAL_I2C_SlaveRxCpltCallback
    stm32f0xx_hal_i2c.o(i.I2C_ITSlaveSequentialCplt) refers to stm32f0xx_hal_i2c.o(i.I2C_Disable_IRQ) for I2C_Disable_IRQ
    stm32f0xx_hal_i2c.o(i.I2C_ITSlaveSequentialCplt) refers to stm32f0xx_hal_i2c.o(i.HAL_I2C_SlaveRxCpltCallback) for HAL_I2C_SlaveRxCpltCallback
    stm32f0xx_hal_i2c.o(i.I2C_ITSlaveSequentialCplt) refers to stm32f0xx_hal_i2c.o(i.HAL_I2C_SlaveTxCpltCallback) for HAL_I2C_SlaveTxCpltCallback
    stm32f0xx_hal_i2c.o(i.I2C_IsAcknowledgeFailed) refers to stm32f0xx_hal.o(i.HAL_GetTick) for HAL_GetTick
    stm32f0xx_hal_i2c.o(i.I2C_IsAcknowledgeFailed) refers to stm32f0xx_hal_i2c.o(i.I2C_Flush_TXDR) for I2C_Flush_TXDR
    stm32f0xx_hal_i2c.o(i.I2C_Master_ISR_DMA) refers to stm32f0xx_hal_i2c.o(i.I2C_Enable_IRQ) for I2C_Enable_IRQ
    stm32f0xx_hal_i2c.o(i.I2C_Master_ISR_DMA) refers to stm32f0xx_hal_i2c.o(i.I2C_Flush_TXDR) for I2C_Flush_TXDR
    stm32f0xx_hal_i2c.o(i.I2C_Master_ISR_DMA) refers to stm32f0xx_hal_i2c.o(i.I2C_TransferConfig) for I2C_TransferConfig
    stm32f0xx_hal_i2c.o(i.I2C_Master_ISR_DMA) refers to stm32f0xx_hal_i2c.o(i.I2C_ITError) for I2C_ITError
    stm32f0xx_hal_i2c.o(i.I2C_Master_ISR_DMA) refers to stm32f0xx_hal_i2c.o(i.I2C_ITMasterCplt) for I2C_ITMasterCplt
    stm32f0xx_hal_i2c.o(i.I2C_Master_ISR_IT) refers to stm32f0xx_hal_i2c.o(i.I2C_Flush_TXDR) for I2C_Flush_TXDR
    stm32f0xx_hal_i2c.o(i.I2C_Master_ISR_IT) refers to stm32f0xx_hal_i2c.o(i.I2C_TransferConfig) for I2C_TransferConfig
    stm32f0xx_hal_i2c.o(i.I2C_Master_ISR_IT) refers to stm32f0xx_hal_i2c.o(i.I2C_ITError) for I2C_ITError
    stm32f0xx_hal_i2c.o(i.I2C_Master_ISR_IT) refers to stm32f0xx_hal_i2c.o(i.I2C_ITMasterCplt) for I2C_ITMasterCplt
    stm32f0xx_hal_i2c.o(i.I2C_Master_ISR_IT) refers to stm32f0xx_hal_i2c.o(i.I2C_ITMasterSequentialCplt) for I2C_ITMasterSequentialCplt
    stm32f0xx_hal_i2c.o(i.I2C_RequestMemoryRead) refers to stm32f0xx_hal_i2c.o(i.I2C_TransferConfig) for I2C_TransferConfig
    stm32f0xx_hal_i2c.o(i.I2C_RequestMemoryRead) refers to stm32f0xx_hal_i2c.o(i.I2C_WaitOnTXISFlagUntilTimeout) for I2C_WaitOnTXISFlagUntilTimeout
    stm32f0xx_hal_i2c.o(i.I2C_RequestMemoryRead) refers to stm32f0xx_hal_i2c.o(i.I2C_WaitOnFlagUntilTimeout) for I2C_WaitOnFlagUntilTimeout
    stm32f0xx_hal_i2c.o(i.I2C_RequestMemoryWrite) refers to stm32f0xx_hal_i2c.o(i.I2C_TransferConfig) for I2C_TransferConfig
    stm32f0xx_hal_i2c.o(i.I2C_RequestMemoryWrite) refers to stm32f0xx_hal_i2c.o(i.I2C_WaitOnTXISFlagUntilTimeout) for I2C_WaitOnTXISFlagUntilTimeout
    stm32f0xx_hal_i2c.o(i.I2C_RequestMemoryWrite) refers to stm32f0xx_hal_i2c.o(i.I2C_WaitOnFlagUntilTimeout) for I2C_WaitOnFlagUntilTimeout
    stm32f0xx_hal_i2c.o(i.I2C_Slave_ISR_DMA) refers to stm32f0xx_hal_i2c.o(i.I2C_ITSlaveCplt) for I2C_ITSlaveCplt
    stm32f0xx_hal_i2c.o(i.I2C_Slave_ISR_IT) refers to stm32f0xx_hal_i2c.o(i.I2C_ITListenCplt) for I2C_ITListenCplt
    stm32f0xx_hal_i2c.o(i.I2C_Slave_ISR_IT) refers to stm32f0xx_hal_i2c.o(i.I2C_Flush_TXDR) for I2C_Flush_TXDR
    stm32f0xx_hal_i2c.o(i.I2C_Slave_ISR_IT) refers to stm32f0xx_hal_i2c.o(i.I2C_ITAddrCplt) for I2C_ITAddrCplt
    stm32f0xx_hal_i2c.o(i.I2C_Slave_ISR_IT) refers to stm32f0xx_hal_i2c.o(i.I2C_ITSlaveSequentialCplt) for I2C_ITSlaveSequentialCplt
    stm32f0xx_hal_i2c.o(i.I2C_Slave_ISR_IT) refers to stm32f0xx_hal_i2c.o(i.I2C_ITSlaveCplt) for I2C_ITSlaveCplt
    stm32f0xx_hal_i2c.o(i.I2C_WaitOnFlagUntilTimeout) refers to stm32f0xx_hal.o(i.HAL_GetTick) for HAL_GetTick
    stm32f0xx_hal_i2c.o(i.I2C_WaitOnRXNEFlagUntilTimeout) refers to stm32f0xx_hal_i2c.o(i.I2C_IsAcknowledgeFailed) for I2C_IsAcknowledgeFailed
    stm32f0xx_hal_i2c.o(i.I2C_WaitOnRXNEFlagUntilTimeout) refers to stm32f0xx_hal.o(i.HAL_GetTick) for HAL_GetTick
    stm32f0xx_hal_i2c.o(i.I2C_WaitOnSTOPFlagUntilTimeout) refers to stm32f0xx_hal_i2c.o(i.I2C_IsAcknowledgeFailed) for I2C_IsAcknowledgeFailed
    stm32f0xx_hal_i2c.o(i.I2C_WaitOnSTOPFlagUntilTimeout) refers to stm32f0xx_hal.o(i.HAL_GetTick) for HAL_GetTick
    stm32f0xx_hal_i2c.o(i.I2C_WaitOnTXISFlagUntilTimeout) refers to stm32f0xx_hal_i2c.o(i.I2C_IsAcknowledgeFailed) for I2C_IsAcknowledgeFailed
    stm32f0xx_hal_i2c.o(i.I2C_WaitOnTXISFlagUntilTimeout) refers to stm32f0xx_hal.o(i.HAL_GetTick) for HAL_GetTick
    stm32f0xx_hal_pwr_ex.o(i.HAL_PWREx_Vddio2Monitor_IRQHandler) refers to stm32f0xx_hal_pwr_ex.o(i.HAL_PWREx_Vddio2MonitorCallback) for HAL_PWREx_Vddio2MonitorCallback
    stm32f0xx_hal_pwr_ex.o(i.HAL_PWR_PVD_IRQHandler) refers to stm32f0xx_hal_pwr_ex.o(i.HAL_PWR_PVDCallback) for HAL_PWR_PVDCallback
    stm32f0xx_hal_uart.o(i.HAL_HalfDuplex_Init) refers to stm32f0xx_hal_msp.o(i.HAL_UART_MspInit) for HAL_UART_MspInit
    stm32f0xx_hal_uart.o(i.HAL_HalfDuplex_Init) refers to stm32f0xx_hal_uart.o(i.UART_SetConfig) for UART_SetConfig
    stm32f0xx_hal_uart.o(i.HAL_HalfDuplex_Init) refers to stm32f0xx_hal_uart.o(i.UART_AdvFeatureConfig) for UART_AdvFeatureConfig
    stm32f0xx_hal_uart.o(i.HAL_HalfDuplex_Init) refers to stm32f0xx_hal_uart.o(i.UART_CheckIdleState) for UART_CheckIdleState
    stm32f0xx_hal_uart.o(i.HAL_MultiProcessor_DisableMuteMode) refers to stm32f0xx_hal_uart.o(i.UART_CheckIdleState) for UART_CheckIdleState
    stm32f0xx_hal_uart.o(i.HAL_MultiProcessor_EnableMuteMode) refers to stm32f0xx_hal_uart.o(i.UART_CheckIdleState) for UART_CheckIdleState
    stm32f0xx_hal_uart.o(i.HAL_MultiProcessor_Init) refers to stm32f0xx_hal_msp.o(i.HAL_UART_MspInit) for HAL_UART_MspInit
    stm32f0xx_hal_uart.o(i.HAL_MultiProcessor_Init) refers to stm32f0xx_hal_uart.o(i.UART_SetConfig) for UART_SetConfig
    stm32f0xx_hal_uart.o(i.HAL_MultiProcessor_Init) refers to stm32f0xx_hal_uart.o(i.UART_AdvFeatureConfig) for UART_AdvFeatureConfig
    stm32f0xx_hal_uart.o(i.HAL_MultiProcessor_Init) refers to stm32f0xx_hal_uart.o(i.UART_CheckIdleState) for UART_CheckIdleState
    stm32f0xx_hal_uart.o(i.HAL_UART_Abort) refers to stm32f0xx_hal_dma.o(i.HAL_DMA_Abort) for HAL_DMA_Abort
    stm32f0xx_hal_uart.o(i.HAL_UART_AbortReceive) refers to stm32f0xx_hal_dma.o(i.HAL_DMA_Abort) for HAL_DMA_Abort
    stm32f0xx_hal_uart.o(i.HAL_UART_AbortReceive_IT) refers to stm32f0xx_hal_dma.o(i.HAL_DMA_Abort_IT) for HAL_DMA_Abort_IT
    stm32f0xx_hal_uart.o(i.HAL_UART_AbortReceive_IT) refers to stm32f0xx_hal_uart.o(i.HAL_UART_AbortReceiveCpltCallback) for HAL_UART_AbortReceiveCpltCallback
    stm32f0xx_hal_uart.o(i.HAL_UART_AbortReceive_IT) refers to stm32f0xx_hal_uart.o(i.UART_DMARxOnlyAbortCallback) for UART_DMARxOnlyAbortCallback
    stm32f0xx_hal_uart.o(i.HAL_UART_AbortTransmit) refers to stm32f0xx_hal_dma.o(i.HAL_DMA_Abort) for HAL_DMA_Abort
    stm32f0xx_hal_uart.o(i.HAL_UART_AbortTransmit_IT) refers to stm32f0xx_hal_dma.o(i.HAL_DMA_Abort_IT) for HAL_DMA_Abort_IT
    stm32f0xx_hal_uart.o(i.HAL_UART_AbortTransmit_IT) refers to stm32f0xx_hal_uart.o(i.HAL_UART_AbortTransmitCpltCallback) for HAL_UART_AbortTransmitCpltCallback
    stm32f0xx_hal_uart.o(i.HAL_UART_AbortTransmit_IT) refers to stm32f0xx_hal_uart.o(i.UART_DMATxOnlyAbortCallback) for UART_DMATxOnlyAbortCallback
    stm32f0xx_hal_uart.o(i.HAL_UART_Abort_IT) refers to stm32f0xx_hal_dma.o(i.HAL_DMA_Abort_IT) for HAL_DMA_Abort_IT
    stm32f0xx_hal_uart.o(i.HAL_UART_Abort_IT) refers to stm32f0xx_hal_uart.o(i.HAL_UART_AbortCpltCallback) for HAL_UART_AbortCpltCallback
    stm32f0xx_hal_uart.o(i.HAL_UART_Abort_IT) refers to stm32f0xx_hal_uart.o(i.UART_DMATxAbortCallback) for UART_DMATxAbortCallback
    stm32f0xx_hal_uart.o(i.HAL_UART_Abort_IT) refers to stm32f0xx_hal_uart.o(i.UART_DMARxAbortCallback) for UART_DMARxAbortCallback
    stm32f0xx_hal_uart.o(i.HAL_UART_DMAStop) refers to stm32f0xx_hal_dma.o(i.HAL_DMA_Abort) for HAL_DMA_Abort
    stm32f0xx_hal_uart.o(i.HAL_UART_DMAStop) refers to stm32f0xx_hal_uart.o(i.UART_EndTxTransfer) for UART_EndTxTransfer
    stm32f0xx_hal_uart.o(i.HAL_UART_DMAStop) refers to stm32f0xx_hal_uart.o(i.UART_EndRxTransfer) for UART_EndRxTransfer
    stm32f0xx_hal_uart.o(i.HAL_UART_DeInit) refers to stm32f0xx_hal_msp.o(i.HAL_UART_MspDeInit) for HAL_UART_MspDeInit
    stm32f0xx_hal_uart.o(i.HAL_UART_IRQHandler) refers to stm32f0xx_hal_uart.o(i.UART_Receive_IT) for UART_Receive_IT
    stm32f0xx_hal_uart.o(i.HAL_UART_IRQHandler) refers to stm32f0xx_hal_uart.o(i.UART_EndRxTransfer) for UART_EndRxTransfer
    stm32f0xx_hal_uart.o(i.HAL_UART_IRQHandler) refers to stm32f0xx_hal_dma.o(i.HAL_DMA_Abort_IT) for HAL_DMA_Abort_IT
    stm32f0xx_hal_uart.o(i.HAL_UART_IRQHandler) refers to stm32f0xx_hal_uart.o(i.HAL_UART_ErrorCallback) for HAL_UART_ErrorCallback
    stm32f0xx_hal_uart.o(i.HAL_UART_IRQHandler) refers to stm32f0xx_hal_uart_ex.o(i.HAL_UARTEx_WakeupCallback) for HAL_UARTEx_WakeupCallback
    stm32f0xx_hal_uart.o(i.HAL_UART_IRQHandler) refers to stm32f0xx_hal_uart.o(i.UART_Transmit_IT) for UART_Transmit_IT
    stm32f0xx_hal_uart.o(i.HAL_UART_IRQHandler) refers to stm32f0xx_hal_uart.o(i.UART_EndTransmit_IT) for UART_EndTransmit_IT
    stm32f0xx_hal_uart.o(i.HAL_UART_IRQHandler) refers to stm32f0xx_hal_uart.o(i.UART_DMAAbortOnError) for UART_DMAAbortOnError
    stm32f0xx_hal_uart.o(i.HAL_UART_Init) refers to stm32f0xx_hal_msp.o(i.HAL_UART_MspInit) for HAL_UART_MspInit
    stm32f0xx_hal_uart.o(i.HAL_UART_Init) refers to stm32f0xx_hal_uart.o(i.UART_SetConfig) for UART_SetConfig
    stm32f0xx_hal_uart.o(i.HAL_UART_Init) refers to stm32f0xx_hal_uart.o(i.UART_AdvFeatureConfig) for UART_AdvFeatureConfig
    stm32f0xx_hal_uart.o(i.HAL_UART_Init) refers to stm32f0xx_hal_uart.o(i.UART_CheckIdleState) for UART_CheckIdleState
    stm32f0xx_hal_uart.o(i.HAL_UART_Receive) refers to stm32f0xx_hal.o(i.HAL_GetTick) for HAL_GetTick
    stm32f0xx_hal_uart.o(i.HAL_UART_Receive) refers to stm32f0xx_hal_uart.o(i.UART_WaitOnFlagUntilTimeout) for UART_WaitOnFlagUntilTimeout
    stm32f0xx_hal_uart.o(i.HAL_UART_Receive_DMA) refers to stm32f0xx_hal_dma.o(i.HAL_DMA_Start_IT) for HAL_DMA_Start_IT
    stm32f0xx_hal_uart.o(i.HAL_UART_Receive_DMA) refers to stm32f0xx_hal_uart.o(i.UART_DMAReceiveCplt) for UART_DMAReceiveCplt
    stm32f0xx_hal_uart.o(i.HAL_UART_Receive_DMA) refers to stm32f0xx_hal_uart.o(i.UART_DMARxHalfCplt) for UART_DMARxHalfCplt
    stm32f0xx_hal_uart.o(i.HAL_UART_Receive_DMA) refers to stm32f0xx_hal_uart.o(i.UART_DMAError) for UART_DMAError
    stm32f0xx_hal_uart.o(i.HAL_UART_Transmit) refers to stm32f0xx_hal.o(i.HAL_GetTick) for HAL_GetTick
    stm32f0xx_hal_uart.o(i.HAL_UART_Transmit) refers to stm32f0xx_hal_uart.o(i.UART_WaitOnFlagUntilTimeout) for UART_WaitOnFlagUntilTimeout
    stm32f0xx_hal_uart.o(i.HAL_UART_Transmit_DMA) refers to stm32f0xx_hal_dma.o(i.HAL_DMA_Start_IT) for HAL_DMA_Start_IT
    stm32f0xx_hal_uart.o(i.HAL_UART_Transmit_DMA) refers to stm32f0xx_hal_uart.o(i.UART_DMATransmitCplt) for UART_DMATransmitCplt
    stm32f0xx_hal_uart.o(i.HAL_UART_Transmit_DMA) refers to stm32f0xx_hal_uart.o(i.UART_DMATxHalfCplt) for UART_DMATxHalfCplt
    stm32f0xx_hal_uart.o(i.HAL_UART_Transmit_DMA) refers to stm32f0xx_hal_uart.o(i.UART_DMAError) for UART_DMAError
    stm32f0xx_hal_uart.o(i.UART_CheckIdleState) refers to stm32f0xx_hal.o(i.HAL_GetTick) for HAL_GetTick
    stm32f0xx_hal_uart.o(i.UART_CheckIdleState) refers to stm32f0xx_hal_uart.o(i.UART_WaitOnFlagUntilTimeout) for UART_WaitOnFlagUntilTimeout
    stm32f0xx_hal_uart.o(i.UART_DMAAbortOnError) refers to stm32f0xx_hal_uart.o(i.HAL_UART_ErrorCallback) for HAL_UART_ErrorCallback
    stm32f0xx_hal_uart.o(i.UART_DMAError) refers to stm32f0xx_hal_uart.o(i.UART_EndTxTransfer) for UART_EndTxTransfer
    stm32f0xx_hal_uart.o(i.UART_DMAError) refers to stm32f0xx_hal_uart.o(i.UART_EndRxTransfer) for UART_EndRxTransfer
    stm32f0xx_hal_uart.o(i.UART_DMAError) refers to stm32f0xx_hal_uart.o(i.HAL_UART_ErrorCallback) for HAL_UART_ErrorCallback
    stm32f0xx_hal_uart.o(i.UART_DMAReceiveCplt) refers to main.o(i.HAL_UART_RxCpltCallback) for HAL_UART_RxCpltCallback
    stm32f0xx_hal_uart.o(i.UART_DMARxAbortCallback) refers to stm32f0xx_hal_uart.o(i.HAL_UART_AbortCpltCallback) for HAL_UART_AbortCpltCallback
    stm32f0xx_hal_uart.o(i.UART_DMARxHalfCplt) refers to stm32f0xx_hal_uart.o(i.HAL_UART_RxHalfCpltCallback) for HAL_UART_RxHalfCpltCallback
    stm32f0xx_hal_uart.o(i.UART_DMARxOnlyAbortCallback) refers to stm32f0xx_hal_uart.o(i.HAL_UART_AbortReceiveCpltCallback) for HAL_UART_AbortReceiveCpltCallback
    stm32f0xx_hal_uart.o(i.UART_DMATransmitCplt) refers to stm32f0xx_hal_uart.o(i.HAL_UART_TxCpltCallback) for HAL_UART_TxCpltCallback
    stm32f0xx_hal_uart.o(i.UART_DMATxAbortCallback) refers to stm32f0xx_hal_uart.o(i.HAL_UART_AbortCpltCallback) for HAL_UART_AbortCpltCallback
    stm32f0xx_hal_uart.o(i.UART_DMATxHalfCplt) refers to stm32f0xx_hal_uart.o(i.HAL_UART_TxHalfCpltCallback) for HAL_UART_TxHalfCpltCallback
    stm32f0xx_hal_uart.o(i.UART_DMATxOnlyAbortCallback) refers to stm32f0xx_hal_uart.o(i.HAL_UART_AbortTransmitCpltCallback) for HAL_UART_AbortTransmitCpltCallback
    stm32f0xx_hal_uart.o(i.UART_EndTransmit_IT) refers to stm32f0xx_hal_uart.o(i.HAL_UART_TxCpltCallback) for HAL_UART_TxCpltCallback
    stm32f0xx_hal_uart.o(i.UART_Receive_IT) refers to main.o(i.HAL_UART_RxCpltCallback) for HAL_UART_RxCpltCallback
    stm32f0xx_hal_uart.o(i.UART_SetConfig) refers to stm32f0xx_hal_rcc.o(i.HAL_RCC_GetPCLK1Freq) for HAL_RCC_GetPCLK1Freq
    stm32f0xx_hal_uart.o(i.UART_SetConfig) refers to uidiv.o(.text) for __aeabi_uidivmod
    stm32f0xx_hal_uart.o(i.UART_SetConfig) refers to stm32f0xx_hal_rcc.o(i.HAL_RCC_GetSysClockFreq) for HAL_RCC_GetSysClockFreq
    stm32f0xx_hal_uart.o(i.UART_WaitOnFlagUntilTimeout) refers to stm32f0xx_hal.o(i.HAL_GetTick) for HAL_GetTick
    stm32f0xx_hal_flash_ex.o(i.FLASH_MassErase) refers to stm32f0xx_hal_flash.o(.bss) for pFlash
    stm32f0xx_hal_flash_ex.o(i.FLASH_OB_DisableWRP) refers to stm32f0xx_hal_flash.o(i.FLASH_WaitForLastOperation) for FLASH_WaitForLastOperation
    stm32f0xx_hal_flash_ex.o(i.FLASH_OB_DisableWRP) refers to stm32f0xx_hal_flash_ex.o(i.HAL_FLASHEx_OBErase) for HAL_FLASHEx_OBErase
    stm32f0xx_hal_flash_ex.o(i.FLASH_OB_DisableWRP) refers to stm32f0xx_hal_flash.o(.bss) for pFlash
    stm32f0xx_hal_flash_ex.o(i.FLASH_OB_EnableWRP) refers to stm32f0xx_hal_flash.o(i.FLASH_WaitForLastOperation) for FLASH_WaitForLastOperation
    stm32f0xx_hal_flash_ex.o(i.FLASH_OB_EnableWRP) refers to stm32f0xx_hal_flash_ex.o(i.HAL_FLASHEx_OBErase) for HAL_FLASHEx_OBErase
    stm32f0xx_hal_flash_ex.o(i.FLASH_OB_EnableWRP) refers to stm32f0xx_hal_flash.o(.bss) for pFlash
    stm32f0xx_hal_flash_ex.o(i.FLASH_OB_RDP_LevelConfig) refers to stm32f0xx_hal_flash.o(i.FLASH_WaitForLastOperation) for FLASH_WaitForLastOperation
    stm32f0xx_hal_flash_ex.o(i.FLASH_OB_RDP_LevelConfig) refers to stm32f0xx_hal_flash.o(.bss) for pFlash
    stm32f0xx_hal_flash_ex.o(i.FLASH_PageErase) refers to stm32f0xx_hal_flash.o(.bss) for pFlash
    stm32f0xx_hal_flash_ex.o(i.HAL_FLASHEx_Erase) refers to stm32f0xx_hal_flash.o(i.FLASH_WaitForLastOperation) for FLASH_WaitForLastOperation
    stm32f0xx_hal_flash_ex.o(i.HAL_FLASHEx_Erase) refers to stm32f0xx_hal_flash_ex.o(i.FLASH_MassErase) for FLASH_MassErase
    stm32f0xx_hal_flash_ex.o(i.HAL_FLASHEx_Erase) refers to stm32f0xx_hal_flash_ex.o(i.FLASH_PageErase) for FLASH_PageErase
    stm32f0xx_hal_flash_ex.o(i.HAL_FLASHEx_Erase) refers to stm32f0xx_hal_flash.o(.bss) for pFlash
    stm32f0xx_hal_flash_ex.o(i.HAL_FLASHEx_Erase_IT) refers to stm32f0xx_hal_flash_ex.o(i.FLASH_PageErase) for FLASH_PageErase
    stm32f0xx_hal_flash_ex.o(i.HAL_FLASHEx_Erase_IT) refers to stm32f0xx_hal_flash_ex.o(i.FLASH_MassErase) for FLASH_MassErase
    stm32f0xx_hal_flash_ex.o(i.HAL_FLASHEx_Erase_IT) refers to stm32f0xx_hal_flash.o(.bss) for pFlash
    stm32f0xx_hal_flash_ex.o(i.HAL_FLASHEx_OBErase) refers to stm32f0xx_hal_flash_ex.o(i.FLASH_OB_GetRDP) for FLASH_OB_GetRDP
    stm32f0xx_hal_flash_ex.o(i.HAL_FLASHEx_OBErase) refers to stm32f0xx_hal_flash.o(i.FLASH_WaitForLastOperation) for FLASH_WaitForLastOperation
    stm32f0xx_hal_flash_ex.o(i.HAL_FLASHEx_OBErase) refers to stm32f0xx_hal_flash_ex.o(i.FLASH_OB_RDP_LevelConfig) for FLASH_OB_RDP_LevelConfig
    stm32f0xx_hal_flash_ex.o(i.HAL_FLASHEx_OBErase) refers to stm32f0xx_hal_flash.o(.bss) for pFlash
    stm32f0xx_hal_flash_ex.o(i.HAL_FLASHEx_OBGetConfig) refers to stm32f0xx_hal_flash_ex.o(i.FLASH_OB_GetRDP) for FLASH_OB_GetRDP
    stm32f0xx_hal_flash_ex.o(i.HAL_FLASHEx_OBProgram) refers to stm32f0xx_hal_flash_ex.o(i.FLASH_OB_DisableWRP) for FLASH_OB_DisableWRP
    stm32f0xx_hal_flash_ex.o(i.HAL_FLASHEx_OBProgram) refers to stm32f0xx_hal_flash_ex.o(i.FLASH_OB_EnableWRP) for FLASH_OB_EnableWRP
    stm32f0xx_hal_flash_ex.o(i.HAL_FLASHEx_OBProgram) refers to stm32f0xx_hal_flash_ex.o(i.FLASH_OB_RDP_LevelConfig) for FLASH_OB_RDP_LevelConfig
    stm32f0xx_hal_flash_ex.o(i.HAL_FLASHEx_OBProgram) refers to stm32f0xx_hal_flash.o(i.FLASH_WaitForLastOperation) for FLASH_WaitForLastOperation
    stm32f0xx_hal_flash_ex.o(i.HAL_FLASHEx_OBProgram) refers to stm32f0xx_hal_flash.o(.bss) for pFlash
    stm32f0xx_hal_cortex.o(i.HAL_NVIC_SetPriority) refers to stm32f0xx_hal_cortex.o(i.NVIC_SetPriority) for NVIC_SetPriority
    stm32f0xx_hal_cortex.o(i.HAL_SYSTICK_Config) refers to stm32f0xx_hal_cortex.o(i.NVIC_SetPriority) for NVIC_SetPriority
    stm32f0xx_hal_cortex.o(i.HAL_SYSTICK_IRQHandler) refers to stm32f0xx_hal_cortex.o(i.HAL_SYSTICK_Callback) for HAL_SYSTICK_Callback
    stm32f0xx_hal_uart_ex.o(i.HAL_LIN_Init) refers to stm32f0xx_hal_msp.o(i.HAL_UART_MspInit) for HAL_UART_MspInit
    stm32f0xx_hal_uart_ex.o(i.HAL_LIN_Init) refers to stm32f0xx_hal_uart.o(i.UART_SetConfig) for UART_SetConfig
    stm32f0xx_hal_uart_ex.o(i.HAL_LIN_Init) refers to stm32f0xx_hal_uart.o(i.UART_AdvFeatureConfig) for UART_AdvFeatureConfig
    stm32f0xx_hal_uart_ex.o(i.HAL_LIN_Init) refers to stm32f0xx_hal_uart.o(i.UART_CheckIdleState) for UART_CheckIdleState
    stm32f0xx_hal_uart_ex.o(i.HAL_MultiProcessorEx_AddressLength_Set) refers to stm32f0xx_hal_uart.o(i.UART_CheckIdleState) for UART_CheckIdleState
    stm32f0xx_hal_uart_ex.o(i.HAL_RS485Ex_Init) refers to stm32f0xx_hal_msp.o(i.HAL_UART_MspInit) for HAL_UART_MspInit
    stm32f0xx_hal_uart_ex.o(i.HAL_RS485Ex_Init) refers to stm32f0xx_hal_uart.o(i.UART_SetConfig) for UART_SetConfig
    stm32f0xx_hal_uart_ex.o(i.HAL_RS485Ex_Init) refers to stm32f0xx_hal_uart.o(i.UART_AdvFeatureConfig) for UART_AdvFeatureConfig
    stm32f0xx_hal_uart_ex.o(i.HAL_RS485Ex_Init) refers to stm32f0xx_hal_uart.o(i.UART_CheckIdleState) for UART_CheckIdleState
    stm32f0xx_hal_uart_ex.o(i.HAL_UARTEx_StopModeWakeUpSourceConfig) refers to stm32f0xx_hal.o(i.HAL_GetTick) for HAL_GetTick
    stm32f0xx_hal_uart_ex.o(i.HAL_UARTEx_StopModeWakeUpSourceConfig) refers to stm32f0xx_hal_uart.o(i.UART_WaitOnFlagUntilTimeout) for UART_WaitOnFlagUntilTimeout
    stm32f0xx_hal_dma.o(i.DMA_CalcBaseAndBitshift) refers to uidiv.o(.text) for __aeabi_uidivmod
    stm32f0xx_hal_dma.o(i.HAL_DMA_DeInit) refers to stm32f0xx_hal_dma.o(i.DMA_CalcBaseAndBitshift) for DMA_CalcBaseAndBitshift
    stm32f0xx_hal_dma.o(i.HAL_DMA_Init) refers to stm32f0xx_hal_dma.o(i.DMA_CalcBaseAndBitshift) for DMA_CalcBaseAndBitshift
    stm32f0xx_hal_dma.o(i.HAL_DMA_PollForTransfer) refers to stm32f0xx_hal.o(i.HAL_GetTick) for HAL_GetTick
    stm32f0xx_hal_dma.o(i.HAL_DMA_Start) refers to stm32f0xx_hal_dma.o(i.DMA_SetConfig) for DMA_SetConfig
    stm32f0xx_hal_dma.o(i.HAL_DMA_Start_IT) refers to stm32f0xx_hal_dma.o(i.DMA_SetConfig) for DMA_SetConfig
    stm32f0xx_hal_dma.o(i.HAL_DMA_UnRegisterCallback) refers to stm32f0xx_hal_dma.o(i.__ARM_common_switch8) for __ARM_common_switch8
    stm32f0xx_hal_flash.o(i.FLASH_Program_HalfWord) refers to stm32f0xx_hal_flash.o(.bss) for .bss
    stm32f0xx_hal_flash.o(i.FLASH_SetErrorCode) refers to stm32f0xx_hal_flash.o(.bss) for .bss
    stm32f0xx_hal_flash.o(i.FLASH_WaitForLastOperation) refers to stm32f0xx_hal.o(i.HAL_GetTick) for HAL_GetTick
    stm32f0xx_hal_flash.o(i.FLASH_WaitForLastOperation) refers to stm32f0xx_hal_flash.o(i.FLASH_SetErrorCode) for FLASH_SetErrorCode
    stm32f0xx_hal_flash.o(i.HAL_FLASH_GetError) refers to stm32f0xx_hal_flash.o(.bss) for .bss
    stm32f0xx_hal_flash.o(i.HAL_FLASH_IRQHandler) refers to stm32f0xx_hal_flash.o(i.FLASH_SetErrorCode) for FLASH_SetErrorCode
    stm32f0xx_hal_flash.o(i.HAL_FLASH_IRQHandler) refers to stm32f0xx_hal_flash.o(i.HAL_FLASH_OperationErrorCallback) for HAL_FLASH_OperationErrorCallback
    stm32f0xx_hal_flash.o(i.HAL_FLASH_IRQHandler) refers to stm32f0xx_hal_flash.o(i.FLASH_Program_HalfWord) for FLASH_Program_HalfWord
    stm32f0xx_hal_flash.o(i.HAL_FLASH_IRQHandler) refers to stm32f0xx_hal_flash.o(i.HAL_FLASH_EndOfOperationCallback) for HAL_FLASH_EndOfOperationCallback
    stm32f0xx_hal_flash.o(i.HAL_FLASH_IRQHandler) refers to stm32f0xx_hal_flash_ex.o(i.FLASH_PageErase) for FLASH_PageErase
    stm32f0xx_hal_flash.o(i.HAL_FLASH_IRQHandler) refers to stm32f0xx_hal_flash.o(.bss) for .bss
    stm32f0xx_hal_flash.o(i.HAL_FLASH_OB_Launch) refers to stm32f0xx_hal_flash.o(i.FLASH_WaitForLastOperation) for FLASH_WaitForLastOperation
    stm32f0xx_hal_flash.o(i.HAL_FLASH_Program) refers to stm32f0xx_hal_flash.o(i.FLASH_WaitForLastOperation) for FLASH_WaitForLastOperation
    stm32f0xx_hal_flash.o(i.HAL_FLASH_Program) refers to llushr.o(.text) for __aeabi_llsr
    stm32f0xx_hal_flash.o(i.HAL_FLASH_Program) refers to stm32f0xx_hal_flash.o(i.FLASH_Program_HalfWord) for FLASH_Program_HalfWord
    stm32f0xx_hal_flash.o(i.HAL_FLASH_Program) refers to stm32f0xx_hal_flash.o(.bss) for .bss
    stm32f0xx_hal_flash.o(i.HAL_FLASH_Program_IT) refers to stm32f0xx_hal_flash.o(i.FLASH_Program_HalfWord) for FLASH_Program_HalfWord
    stm32f0xx_hal_flash.o(i.HAL_FLASH_Program_IT) refers to stm32f0xx_hal_flash.o(.bss) for .bss
    stm32f0xx_hal.o(i.HAL_DeInit) refers to stm32f0xx_hal.o(i.HAL_MspDeInit) for HAL_MspDeInit
    stm32f0xx_hal.o(i.HAL_Delay) refers to stm32f0xx_hal.o(i.HAL_GetTick) for HAL_GetTick
    stm32f0xx_hal.o(i.HAL_GetTick) refers to stm32f0xx_hal.o(.data) for .data
    stm32f0xx_hal.o(i.HAL_IncTick) refers to stm32f0xx_hal.o(.data) for .data
    stm32f0xx_hal.o(i.HAL_Init) refers to stm32f0xx_hal.o(i.HAL_InitTick) for HAL_InitTick
    stm32f0xx_hal.o(i.HAL_Init) refers to stm32f0xx_hal_msp.o(i.HAL_MspInit) for HAL_MspInit
    stm32f0xx_hal.o(i.HAL_InitTick) refers to stm32f0xx_hal_rcc.o(i.HAL_RCC_GetHCLKFreq) for HAL_RCC_GetHCLKFreq
    stm32f0xx_hal.o(i.HAL_InitTick) refers to uidiv.o(.text) for __aeabi_uidivmod
    stm32f0xx_hal.o(i.HAL_InitTick) refers to stm32f0xx_hal_cortex.o(i.HAL_SYSTICK_Config) for HAL_SYSTICK_Config
    stm32f0xx_hal.o(i.HAL_InitTick) refers to stm32f0xx_hal_cortex.o(i.HAL_NVIC_SetPriority) for HAL_NVIC_SetPriority
    stm32f0xx_hal_rcc_ex.o(i.HAL_RCCEx_CRSWaitSynchronization) refers to stm32f0xx_hal.o(i.HAL_GetTick) for HAL_GetTick
    stm32f0xx_hal_rcc_ex.o(i.HAL_RCCEx_CRS_IRQHandler) refers to stm32f0xx_hal_rcc_ex.o(i.HAL_RCCEx_CRS_SyncOkCallback) for HAL_RCCEx_CRS_SyncOkCallback
    stm32f0xx_hal_rcc_ex.o(i.HAL_RCCEx_CRS_IRQHandler) refers to stm32f0xx_hal_rcc_ex.o(i.HAL_RCCEx_CRS_SyncWarnCallback) for HAL_RCCEx_CRS_SyncWarnCallback
    stm32f0xx_hal_rcc_ex.o(i.HAL_RCCEx_CRS_IRQHandler) refers to stm32f0xx_hal_rcc_ex.o(i.HAL_RCCEx_CRS_ExpectedSyncCallback) for HAL_RCCEx_CRS_ExpectedSyncCallback
    stm32f0xx_hal_rcc_ex.o(i.HAL_RCCEx_CRS_IRQHandler) refers to stm32f0xx_hal_rcc_ex.o(i.HAL_RCCEx_CRS_ErrorCallback) for HAL_RCCEx_CRS_ErrorCallback
    stm32f0xx_hal_rcc_ex.o(i.HAL_RCCEx_GetPeriphCLKFreq) refers to stm32f0xx_hal_rcc.o(i.HAL_RCC_GetPCLK1Freq) for HAL_RCC_GetPCLK1Freq
    stm32f0xx_hal_rcc_ex.o(i.HAL_RCCEx_GetPeriphCLKFreq) refers to stm32f0xx_hal_rcc.o(i.HAL_RCC_GetSysClockFreq) for HAL_RCC_GetSysClockFreq
    stm32f0xx_hal_rcc_ex.o(i.HAL_RCCEx_PeriphCLKConfig) refers to stm32f0xx_hal.o(i.HAL_GetTick) for HAL_GetTick
    system_stm32f0xx.o(i.SystemCoreClockUpdate) refers to uidiv.o(.text) for __aeabi_uidivmod
    system_stm32f0xx.o(i.SystemCoreClockUpdate) refers to system_stm32f0xx.o(.data) for .data
    system_stm32f0xx.o(i.SystemCoreClockUpdate) refers to system_stm32f0xx.o(.constdata) for .constdata
    entry.o(.ARM.Collect$$$$00000000) refers (Special) to entry10a.o(.ARM.Collect$$$$0000000D) for __rt_final_cpp
    entry.o(.ARM.Collect$$$$00000000) refers (Special) to entry11a.o(.ARM.Collect$$$$0000000F) for __rt_final_exit
    entry.o(.ARM.Collect$$$$00000000) refers (Special) to entry7b.o(.ARM.Collect$$$$00000008) for _main_clock
    entry.o(.ARM.Collect$$$$00000000) refers (Special) to entry8b.o(.ARM.Collect$$$$0000000A) for _main_cpp_init
    entry.o(.ARM.Collect$$$$00000000) refers (Special) to entry9a.o(.ARM.Collect$$$$0000000B) for _main_init
    entry.o(.ARM.Collect$$$$00000000) refers (Special) to entry5.o(.ARM.Collect$$$$00000004) for _main_scatterload
    entry.o(.ARM.Collect$$$$00000000) refers (Special) to entry2.o(.ARM.Collect$$$$00000001) for _main_stk
    entry2.o(.ARM.Collect$$$$00000001) refers to entry2.o(.ARM.Collect$$$$00002712) for __lit__00000000
    entry2.o(.ARM.Collect$$$$00002712) refers to startup_stm32f091xc.o(STACK) for __initial_sp
    entry2.o(__vectab_stack_and_reset_area) refers to startup_stm32f091xc.o(STACK) for __initial_sp
    entry2.o(__vectab_stack_and_reset_area) refers to entry.o(.ARM.Collect$$$$00000000) for __main
    entry5.o(.ARM.Collect$$$$00000004) refers to init.o(.text) for __scatterload
    entry9a.o(.ARM.Collect$$$$0000000B) refers to main.o(i.main) for main
    entry9b.o(.ARM.Collect$$$$0000000C) refers to main.o(i.main) for main
    init.o(.text) refers to entry5.o(.ARM.Collect$$$$00000004) for __main_after_scatterload


==============================================================================

Removing Unused input sections from the image.

    Removing startup_stm32f091xc.o(HEAP), (512 bytes).
    Removing stm32f0xx_it.o(.rev16_text), (4 bytes).
    Removing stm32f0xx_it.o(.revsh_text), (4 bytes).
    Removing stm32f0xx_hal_msp.o(.rev16_text), (4 bytes).
    Removing stm32f0xx_hal_msp.o(.revsh_text), (4 bytes).
    Removing stm32f0xx_hal_msp.o(i.HAL_UART_MspDeInit), (140 bytes).
    Removing main.o(.rev16_text), (4 bytes).
    Removing main.o(.revsh_text), (4 bytes).
    Removing main.o(.data), (13 bytes).
    Removing stm32f0xx_hal_rcc.o(.rev16_text), (4 bytes).
    Removing stm32f0xx_hal_rcc.o(.revsh_text), (4 bytes).
    Removing stm32f0xx_hal_rcc.o(i.HAL_RCC_CSSCallback), (2 bytes).
    Removing stm32f0xx_hal_rcc.o(i.HAL_RCC_DeInit), (76 bytes).
    Removing stm32f0xx_hal_rcc.o(i.HAL_RCC_DisableCSS), (20 bytes).
    Removing stm32f0xx_hal_rcc.o(i.HAL_RCC_EnableCSS), (20 bytes).
    Removing stm32f0xx_hal_rcc.o(i.HAL_RCC_GetClockConfig), (56 bytes).
    Removing stm32f0xx_hal_rcc.o(i.HAL_RCC_GetOscConfig), (164 bytes).
    Removing stm32f0xx_hal_rcc.o(i.HAL_RCC_MCOConfig), (80 bytes).
    Removing stm32f0xx_hal_rcc.o(i.HAL_RCC_NMI_IRQHandler), (24 bytes).
    Removing stm32f0xx_hal_gpio.o(.rev16_text), (4 bytes).
    Removing stm32f0xx_hal_gpio.o(.revsh_text), (4 bytes).
    Removing stm32f0xx_hal_gpio.o(i.HAL_GPIO_DeInit), (228 bytes).
    Removing stm32f0xx_hal_gpio.o(i.HAL_GPIO_EXTI_Callback), (2 bytes).
    Removing stm32f0xx_hal_gpio.o(i.HAL_GPIO_EXTI_IRQHandler), (24 bytes).
    Removing stm32f0xx_hal_gpio.o(i.HAL_GPIO_LockPin), (36 bytes).
    Removing stm32f0xx_hal_gpio.o(i.HAL_GPIO_ReadPin), (10 bytes).
    Removing stm32f0xx_hal_gpio.o(i.HAL_GPIO_WritePin), (12 bytes).
    Removing stm32f0xx_hal_i2c_ex.o(.rev16_text), (4 bytes).
    Removing stm32f0xx_hal_i2c_ex.o(.revsh_text), (4 bytes).
    Removing stm32f0xx_hal_i2c_ex.o(i.HAL_I2CEx_ConfigAnalogFilter), (74 bytes).
    Removing stm32f0xx_hal_i2c_ex.o(i.HAL_I2CEx_ConfigDigitalFilter), (72 bytes).
    Removing stm32f0xx_hal_i2c_ex.o(i.HAL_I2CEx_DisableFastModePlus), (36 bytes).
    Removing stm32f0xx_hal_i2c_ex.o(i.HAL_I2CEx_DisableWakeUp), (66 bytes).
    Removing stm32f0xx_hal_i2c_ex.o(i.HAL_I2CEx_EnableFastModePlus), (36 bytes).
    Removing stm32f0xx_hal_i2c_ex.o(i.HAL_I2CEx_EnableWakeUp), (66 bytes).
    Removing stm32f0xx_hal_tim_ex.o(.rev16_text), (4 bytes).
    Removing stm32f0xx_hal_tim_ex.o(.revsh_text), (4 bytes).
    Removing stm32f0xx_hal_i2c.o(.rev16_text), (4 bytes).
    Removing stm32f0xx_hal_i2c.o(.revsh_text), (4 bytes).
    Removing stm32f0xx_hal_i2c.o(i.HAL_I2C_AbortCpltCallback), (2 bytes).
    Removing stm32f0xx_hal_i2c.o(i.HAL_I2C_AddrCallback), (2 bytes).
    Removing stm32f0xx_hal_i2c.o(i.HAL_I2C_DeInit), (52 bytes).
    Removing stm32f0xx_hal_i2c.o(i.HAL_I2C_DisableListen_IT), (48 bytes).
    Removing stm32f0xx_hal_i2c.o(i.HAL_I2C_ER_IRQHandler), (88 bytes).
    Removing stm32f0xx_hal_i2c.o(i.HAL_I2C_EV_IRQHandler), (16 bytes).
    Removing stm32f0xx_hal_i2c.o(i.HAL_I2C_EnableListen_IT), (40 bytes).
    Removing stm32f0xx_hal_i2c.o(i.HAL_I2C_ErrorCallback), (2 bytes).
    Removing stm32f0xx_hal_i2c.o(i.HAL_I2C_GetError), (4 bytes).
    Removing stm32f0xx_hal_i2c.o(i.HAL_I2C_GetMode), (6 bytes).
    Removing stm32f0xx_hal_i2c.o(i.HAL_I2C_GetState), (6 bytes).
    Removing stm32f0xx_hal_i2c.o(i.HAL_I2C_Init), (180 bytes).
    Removing stm32f0xx_hal_i2c.o(i.HAL_I2C_IsDeviceReady), (284 bytes).
    Removing stm32f0xx_hal_i2c.o(i.HAL_I2C_ListenCpltCallback), (2 bytes).
    Removing stm32f0xx_hal_i2c.o(i.HAL_I2C_MasterRxCpltCallback), (2 bytes).
    Removing stm32f0xx_hal_i2c.o(i.HAL_I2C_MasterTxCpltCallback), (2 bytes).
    Removing stm32f0xx_hal_i2c.o(i.HAL_I2C_Master_Abort_IT), (88 bytes).
    Removing stm32f0xx_hal_i2c.o(i.HAL_I2C_Master_Receive), (280 bytes).
    Removing stm32f0xx_hal_i2c.o(i.HAL_I2C_Master_Receive_DMA), (236 bytes).
    Removing stm32f0xx_hal_i2c.o(i.HAL_I2C_Master_Receive_IT), (124 bytes).
    Removing stm32f0xx_hal_i2c.o(i.HAL_I2C_Master_Sequential_Receive_IT), (116 bytes).
    Removing stm32f0xx_hal_i2c.o(i.HAL_I2C_Master_Sequential_Transmit_IT), (116 bytes).
    Removing stm32f0xx_hal_i2c.o(i.HAL_I2C_Master_Transmit), (280 bytes).
    Removing stm32f0xx_hal_i2c.o(i.HAL_I2C_Master_Transmit_DMA), (240 bytes).
    Removing stm32f0xx_hal_i2c.o(i.HAL_I2C_Master_Transmit_IT), (124 bytes).
    Removing stm32f0xx_hal_i2c.o(i.HAL_I2C_MemRxCpltCallback), (2 bytes).
    Removing stm32f0xx_hal_i2c.o(i.HAL_I2C_MemTxCpltCallback), (2 bytes).
    Removing stm32f0xx_hal_i2c.o(i.HAL_I2C_Mem_Read), (344 bytes).
    Removing stm32f0xx_hal_i2c.o(i.HAL_I2C_Mem_Read_DMA), (248 bytes).
    Removing stm32f0xx_hal_i2c.o(i.HAL_I2C_Mem_Read_IT), (188 bytes).
    Removing stm32f0xx_hal_i2c.o(i.HAL_I2C_Mem_Write), (340 bytes).
    Removing stm32f0xx_hal_i2c.o(i.HAL_I2C_Mem_Write_DMA), (244 bytes).
    Removing stm32f0xx_hal_i2c.o(i.HAL_I2C_Mem_Write_IT), (184 bytes).
    Removing stm32f0xx_hal_i2c.o(i.HAL_I2C_MspDeInit), (2 bytes).
    Removing stm32f0xx_hal_i2c.o(i.HAL_I2C_MspInit), (2 bytes).
    Removing stm32f0xx_hal_i2c.o(i.HAL_I2C_SlaveRxCpltCallback), (2 bytes).
    Removing stm32f0xx_hal_i2c.o(i.HAL_I2C_SlaveTxCpltCallback), (2 bytes).
    Removing stm32f0xx_hal_i2c.o(i.HAL_I2C_Slave_Receive), (292 bytes).
    Removing stm32f0xx_hal_i2c.o(i.HAL_I2C_Slave_Receive_DMA), (156 bytes).
    Removing stm32f0xx_hal_i2c.o(i.HAL_I2C_Slave_Receive_IT), (88 bytes).
    Removing stm32f0xx_hal_i2c.o(i.HAL_I2C_Slave_Sequential_Receive_IT), (144 bytes).
    Removing stm32f0xx_hal_i2c.o(i.HAL_I2C_Slave_Sequential_Transmit_IT), (144 bytes).
    Removing stm32f0xx_hal_i2c.o(i.HAL_I2C_Slave_Transmit), (300 bytes).
    Removing stm32f0xx_hal_i2c.o(i.HAL_I2C_Slave_Transmit_DMA), (156 bytes).
    Removing stm32f0xx_hal_i2c.o(i.HAL_I2C_Slave_Transmit_IT), (88 bytes).
    Removing stm32f0xx_hal_i2c.o(i.I2C_DMAAbort), (52 bytes).
    Removing stm32f0xx_hal_i2c.o(i.I2C_DMAError), (24 bytes).
    Removing stm32f0xx_hal_i2c.o(i.I2C_DMAMasterReceiveCplt), (68 bytes).
    Removing stm32f0xx_hal_i2c.o(i.I2C_DMAMasterTransmitCplt), (68 bytes).
    Removing stm32f0xx_hal_i2c.o(i.I2C_DMASlaveReceiveCplt), (2 bytes).
    Removing stm32f0xx_hal_i2c.o(i.I2C_DMASlaveTransmitCplt), (2 bytes).
    Removing stm32f0xx_hal_i2c.o(i.I2C_Disable_IRQ), (86 bytes).
    Removing stm32f0xx_hal_i2c.o(i.I2C_Enable_IRQ), (100 bytes).
    Removing stm32f0xx_hal_i2c.o(i.I2C_Flush_TXDR), (34 bytes).
    Removing stm32f0xx_hal_i2c.o(i.I2C_ITAddrCplt), (122 bytes).
    Removing stm32f0xx_hal_i2c.o(i.I2C_ITError), (204 bytes).
    Removing stm32f0xx_hal_i2c.o(i.I2C_ITListenCplt), (96 bytes).
    Removing stm32f0xx_hal_i2c.o(i.I2C_ITMasterCplt), (160 bytes).
    Removing stm32f0xx_hal_i2c.o(i.I2C_ITMasterSequentialCplt), (70 bytes).
    Removing stm32f0xx_hal_i2c.o(i.I2C_ITSlaveCplt), (232 bytes).
    Removing stm32f0xx_hal_i2c.o(i.I2C_ITSlaveSequentialCplt), (74 bytes).
    Removing stm32f0xx_hal_i2c.o(i.I2C_IsAcknowledgeFailed), (116 bytes).
    Removing stm32f0xx_hal_i2c.o(i.I2C_Master_ISR_DMA), (194 bytes).
    Removing stm32f0xx_hal_i2c.o(i.I2C_Master_ISR_IT), (296 bytes).
    Removing stm32f0xx_hal_i2c.o(i.I2C_RequestMemoryRead), (106 bytes).
    Removing stm32f0xx_hal_i2c.o(i.I2C_RequestMemoryWrite), (106 bytes).
    Removing stm32f0xx_hal_i2c.o(i.I2C_Slave_ISR_DMA), (104 bytes).
    Removing stm32f0xx_hal_i2c.o(i.I2C_Slave_ISR_IT), (280 bytes).
    Removing stm32f0xx_hal_i2c.o(i.I2C_TransferConfig), (36 bytes).
    Removing stm32f0xx_hal_i2c.o(i.I2C_WaitOnFlagUntilTimeout), (72 bytes).
    Removing stm32f0xx_hal_i2c.o(i.I2C_WaitOnRXNEFlagUntilTimeout), (120 bytes).
    Removing stm32f0xx_hal_i2c.o(i.I2C_WaitOnSTOPFlagUntilTimeout), (78 bytes).
    Removing stm32f0xx_hal_i2c.o(i.I2C_WaitOnTXISFlagUntilTimeout), (82 bytes).
    Removing stm32f0xx_hal_pwr_ex.o(.rev16_text), (4 bytes).
    Removing stm32f0xx_hal_pwr_ex.o(.revsh_text), (4 bytes).
    Removing stm32f0xx_hal_pwr_ex.o(i.HAL_PWREx_DisableVddio2Monitor), (32 bytes).
    Removing stm32f0xx_hal_pwr_ex.o(i.HAL_PWREx_EnableVddio2Monitor), (24 bytes).
    Removing stm32f0xx_hal_pwr_ex.o(i.HAL_PWREx_Vddio2MonitorCallback), (2 bytes).
    Removing stm32f0xx_hal_pwr_ex.o(i.HAL_PWREx_Vddio2Monitor_IRQHandler), (24 bytes).
    Removing stm32f0xx_hal_pwr_ex.o(i.HAL_PWR_ConfigPVD), (104 bytes).
    Removing stm32f0xx_hal_pwr_ex.o(i.HAL_PWR_DisablePVD), (16 bytes).
    Removing stm32f0xx_hal_pwr_ex.o(i.HAL_PWR_EnablePVD), (16 bytes).
    Removing stm32f0xx_hal_pwr_ex.o(i.HAL_PWR_PVDCallback), (2 bytes).
    Removing stm32f0xx_hal_pwr_ex.o(i.HAL_PWR_PVD_IRQHandler), (28 bytes).
    Removing stm32f0xx_hal_tim.o(.rev16_text), (4 bytes).
    Removing stm32f0xx_hal_tim.o(.revsh_text), (4 bytes).
    Removing stm32f0xx_hal_uart.o(.rev16_text), (4 bytes).
    Removing stm32f0xx_hal_uart.o(.revsh_text), (4 bytes).
    Removing stm32f0xx_hal_uart.o(i.HAL_HalfDuplex_EnableReceiver), (54 bytes).
    Removing stm32f0xx_hal_uart.o(i.HAL_HalfDuplex_EnableTransmitter), (54 bytes).
    Removing stm32f0xx_hal_uart.o(i.HAL_HalfDuplex_Init), (118 bytes).
    Removing stm32f0xx_hal_uart.o(i.HAL_MultiProcessor_DisableMuteMode), (46 bytes).
    Removing stm32f0xx_hal_uart.o(i.HAL_MultiProcessor_EnableMuteMode), (46 bytes).
    Removing stm32f0xx_hal_uart.o(i.HAL_MultiProcessor_EnterMuteMode), (12 bytes).
    Removing stm32f0xx_hal_uart.o(i.HAL_MultiProcessor_Init), (144 bytes).
    Removing stm32f0xx_hal_uart.o(i.HAL_UART_Abort), (120 bytes).
    Removing stm32f0xx_hal_uart.o(i.HAL_UART_AbortCpltCallback), (2 bytes).
    Removing stm32f0xx_hal_uart.o(i.HAL_UART_AbortReceive), (80 bytes).
    Removing stm32f0xx_hal_uart.o(i.HAL_UART_AbortReceiveCpltCallback), (2 bytes).
    Removing stm32f0xx_hal_uart.o(i.HAL_UART_AbortReceive_IT), (116 bytes).
    Removing stm32f0xx_hal_uart.o(i.HAL_UART_AbortTransmit), (62 bytes).
    Removing stm32f0xx_hal_uart.o(i.HAL_UART_AbortTransmitCpltCallback), (2 bytes).
    Removing stm32f0xx_hal_uart.o(i.HAL_UART_AbortTransmit_IT), (92 bytes).
    Removing stm32f0xx_hal_uart.o(i.HAL_UART_Abort_IT), (196 bytes).
    Removing stm32f0xx_hal_uart.o(i.HAL_UART_DMAPause), (94 bytes).
    Removing stm32f0xx_hal_uart.o(i.HAL_UART_DMAResume), (86 bytes).
    Removing stm32f0xx_hal_uart.o(i.HAL_UART_DMAStop), (88 bytes).
    Removing stm32f0xx_hal_uart.o(i.HAL_UART_DeInit), (62 bytes).
    Removing stm32f0xx_hal_uart.o(i.HAL_UART_GetError), (4 bytes).
    Removing stm32f0xx_hal_uart.o(i.HAL_UART_GetState), (12 bytes).
    Removing stm32f0xx_hal_uart.o(i.HAL_UART_MspDeInit), (2 bytes).
    Removing stm32f0xx_hal_uart.o(i.HAL_UART_MspInit), (2 bytes).
    Removing stm32f0xx_hal_uart.o(i.HAL_UART_Receive), (256 bytes).
    Removing stm32f0xx_hal_uart.o(i.HAL_UART_Receive_IT), (160 bytes).
    Removing stm32f0xx_hal_uart.o(i.HAL_UART_RxCpltCallback), (2 bytes).
    Removing stm32f0xx_hal_uart.o(i.HAL_UART_Transmit_DMA), (152 bytes).
    Removing stm32f0xx_hal_uart.o(i.HAL_UART_Transmit_IT), (88 bytes).
    Removing stm32f0xx_hal_uart.o(i.HAL_UART_TxHalfCpltCallback), (2 bytes).
    Removing stm32f0xx_hal_uart.o(i.UART_DMARxAbortCallback), (54 bytes).
    Removing stm32f0xx_hal_uart.o(i.UART_DMARxOnlyAbortCallback), (28 bytes).
    Removing stm32f0xx_hal_uart.o(i.UART_DMATransmitCplt), (48 bytes).
    Removing stm32f0xx_hal_uart.o(i.UART_DMATxAbortCallback), (54 bytes).
    Removing stm32f0xx_hal_uart.o(i.UART_DMATxHalfCplt), (10 bytes).
    Removing stm32f0xx_hal_uart.o(i.UART_DMATxOnlyAbortCallback), (22 bytes).
    Removing stm32f0xx_hal_flash_ex.o(.rev16_text), (4 bytes).
    Removing stm32f0xx_hal_flash_ex.o(.revsh_text), (4 bytes).
    Removing stm32f0xx_hal_flash_ex.o(i.FLASH_MassErase), (36 bytes).
    Removing stm32f0xx_hal_flash_ex.o(i.FLASH_OB_DisableWRP), (164 bytes).
    Removing stm32f0xx_hal_flash_ex.o(i.FLASH_OB_EnableWRP), (164 bytes).
    Removing stm32f0xx_hal_flash_ex.o(i.FLASH_OB_GetRDP), (32 bytes).
    Removing stm32f0xx_hal_flash_ex.o(i.FLASH_OB_RDP_LevelConfig), (96 bytes).
    Removing stm32f0xx_hal_flash_ex.o(i.FLASH_PageErase), (36 bytes).
    Removing stm32f0xx_hal_flash_ex.o(i.HAL_FLASHEx_Erase), (160 bytes).
    Removing stm32f0xx_hal_flash_ex.o(i.HAL_FLASHEx_Erase_IT), (88 bytes).
    Removing stm32f0xx_hal_flash_ex.o(i.HAL_FLASHEx_OBErase), (80 bytes).
    Removing stm32f0xx_hal_flash_ex.o(i.HAL_FLASHEx_OBGetConfig), (32 bytes).
    Removing stm32f0xx_hal_flash_ex.o(i.HAL_FLASHEx_OBGetUserData), (28 bytes).
    Removing stm32f0xx_hal_flash_ex.o(i.HAL_FLASHEx_OBProgram), (200 bytes).
    Removing stm32f0xx_hal_cortex.o(.rev16_text), (4 bytes).
    Removing stm32f0xx_hal_cortex.o(.revsh_text), (4 bytes).
    Removing stm32f0xx_hal_cortex.o(i.HAL_NVIC_ClearPendingIRQ), (20 bytes).
    Removing stm32f0xx_hal_cortex.o(i.HAL_NVIC_DisableIRQ), (20 bytes).
    Removing stm32f0xx_hal_cortex.o(i.HAL_NVIC_GetPendingIRQ), (28 bytes).
    Removing stm32f0xx_hal_cortex.o(i.HAL_NVIC_GetPriority), (52 bytes).
    Removing stm32f0xx_hal_cortex.o(i.HAL_NVIC_SetPendingIRQ), (20 bytes).
    Removing stm32f0xx_hal_cortex.o(i.HAL_NVIC_SystemReset), (28 bytes).
    Removing stm32f0xx_hal_uart_ex.o(.rev16_text), (4 bytes).
    Removing stm32f0xx_hal_uart_ex.o(.revsh_text), (4 bytes).
    Removing stm32f0xx_hal_uart_ex.o(i.HAL_LIN_Init), (146 bytes).
    Removing stm32f0xx_hal_uart_ex.o(i.HAL_LIN_SendBreak), (42 bytes).
    Removing stm32f0xx_hal_uart_ex.o(i.HAL_MultiProcessorEx_AddressLength_Set), (54 bytes).
    Removing stm32f0xx_hal_uart_ex.o(i.HAL_RS485Ex_Init), (144 bytes).
    Removing stm32f0xx_hal_uart_ex.o(i.HAL_UARTEx_DisableStopMode), (42 bytes).
    Removing stm32f0xx_hal_uart_ex.o(i.HAL_UARTEx_EnableStopMode), (42 bytes).
    Removing stm32f0xx_hal_uart_ex.o(i.HAL_UARTEx_StopModeWakeUpSourceConfig), (152 bytes).
    Removing stm32f0xx_hal_dma.o(.rev16_text), (4 bytes).
    Removing stm32f0xx_hal_dma.o(.revsh_text), (4 bytes).
    Removing stm32f0xx_hal_dma.o(i.HAL_DMA_Abort), (44 bytes).
    Removing stm32f0xx_hal_dma.o(i.HAL_DMA_DeInit), (66 bytes).
    Removing stm32f0xx_hal_dma.o(i.HAL_DMA_GetError), (4 bytes).
    Removing stm32f0xx_hal_dma.o(i.HAL_DMA_GetState), (6 bytes).
    Removing stm32f0xx_hal_dma.o(i.HAL_DMA_PollForTransfer), (176 bytes).
    Removing stm32f0xx_hal_dma.o(i.HAL_DMA_RegisterCallback), (72 bytes).
    Removing stm32f0xx_hal_dma.o(i.HAL_DMA_Start), (74 bytes).
    Removing stm32f0xx_hal_dma.o(i.HAL_DMA_UnRegisterCallback), (78 bytes).
    Removing stm32f0xx_hal_flash.o(.rev16_text), (4 bytes).
    Removing stm32f0xx_hal_flash.o(.revsh_text), (4 bytes).
    Removing stm32f0xx_hal_flash.o(i.FLASH_Program_HalfWord), (32 bytes).
    Removing stm32f0xx_hal_flash.o(i.FLASH_SetErrorCode), (56 bytes).
    Removing stm32f0xx_hal_flash.o(i.FLASH_WaitForLastOperation), (80 bytes).
    Removing stm32f0xx_hal_flash.o(i.HAL_FLASH_EndOfOperationCallback), (2 bytes).
    Removing stm32f0xx_hal_flash.o(i.HAL_FLASH_GetError), (12 bytes).
    Removing stm32f0xx_hal_flash.o(i.HAL_FLASH_IRQHandler), (268 bytes).
    Removing stm32f0xx_hal_flash.o(i.HAL_FLASH_Lock), (20 bytes).
    Removing stm32f0xx_hal_flash.o(i.HAL_FLASH_OB_Launch), (32 bytes).
    Removing stm32f0xx_hal_flash.o(i.HAL_FLASH_OB_Lock), (20 bytes).
    Removing stm32f0xx_hal_flash.o(i.HAL_FLASH_OB_Unlock), (36 bytes).
    Removing stm32f0xx_hal_flash.o(i.HAL_FLASH_OperationErrorCallback), (2 bytes).
    Removing stm32f0xx_hal_flash.o(i.HAL_FLASH_Program), (124 bytes).
    Removing stm32f0xx_hal_flash.o(i.HAL_FLASH_Program_IT), (100 bytes).
    Removing stm32f0xx_hal_flash.o(i.HAL_FLASH_Unlock), (36 bytes).
    Removing stm32f0xx_hal_flash.o(.bss), (32 bytes).
    Removing stm32f0xx_hal.o(.rev16_text), (4 bytes).
    Removing stm32f0xx_hal.o(.revsh_text), (4 bytes).
    Removing stm32f0xx_hal.o(i.HAL_DBGMCU_DisableDBGStandbyMode), (16 bytes).
    Removing stm32f0xx_hal.o(i.HAL_DBGMCU_DisableDBGStopMode), (16 bytes).
    Removing stm32f0xx_hal.o(i.HAL_DBGMCU_EnableDBGStandbyMode), (16 bytes).
    Removing stm32f0xx_hal.o(i.HAL_DBGMCU_EnableDBGStopMode), (16 bytes).
    Removing stm32f0xx_hal.o(i.HAL_DeInit), (36 bytes).
    Removing stm32f0xx_hal.o(i.HAL_GetDEVID), (16 bytes).
    Removing stm32f0xx_hal.o(i.HAL_GetHalVersion), (8 bytes).
    Removing stm32f0xx_hal.o(i.HAL_GetREVID), (12 bytes).
    Removing stm32f0xx_hal.o(i.HAL_GetUIDw0), (12 bytes).
    Removing stm32f0xx_hal.o(i.HAL_GetUIDw1), (12 bytes).
    Removing stm32f0xx_hal.o(i.HAL_GetUIDw2), (12 bytes).
    Removing stm32f0xx_hal.o(i.HAL_MspDeInit), (2 bytes).
    Removing stm32f0xx_hal.o(i.HAL_MspInit), (2 bytes).
    Removing stm32f0xx_hal.o(i.HAL_ResumeTick), (16 bytes).
    Removing stm32f0xx_hal.o(i.HAL_SuspendTick), (16 bytes).
    Removing stm32f0xx_hal_pwr.o(.rev16_text), (4 bytes).
    Removing stm32f0xx_hal_pwr.o(.revsh_text), (4 bytes).
    Removing stm32f0xx_hal_pwr.o(i.HAL_PWR_DeInit), (24 bytes).
    Removing stm32f0xx_hal_pwr.o(i.HAL_PWR_DisableBkUpAccess), (16 bytes).
    Removing stm32f0xx_hal_pwr.o(i.HAL_PWR_DisableSEVOnPend), (16 bytes).
    Removing stm32f0xx_hal_pwr.o(i.HAL_PWR_DisableSleepOnExit), (16 bytes).
    Removing stm32f0xx_hal_pwr.o(i.HAL_PWR_DisableWakeUpPin), (16 bytes).
    Removing stm32f0xx_hal_pwr.o(i.HAL_PWR_EnableBkUpAccess), (16 bytes).
    Removing stm32f0xx_hal_pwr.o(i.HAL_PWR_EnableSEVOnPend), (16 bytes).
    Removing stm32f0xx_hal_pwr.o(i.HAL_PWR_EnableSleepOnExit), (16 bytes).
    Removing stm32f0xx_hal_pwr.o(i.HAL_PWR_EnableWakeUpPin), (16 bytes).
    Removing stm32f0xx_hal_pwr.o(i.HAL_PWR_EnterSLEEPMode), (32 bytes).
    Removing stm32f0xx_hal_pwr.o(i.HAL_PWR_EnterSTANDBYMode), (32 bytes).
    Removing stm32f0xx_hal_pwr.o(i.HAL_PWR_EnterSTOPMode), (52 bytes).
    Removing stm32f0xx_hal_rcc_ex.o(.rev16_text), (4 bytes).
    Removing stm32f0xx_hal_rcc_ex.o(.revsh_text), (4 bytes).
    Removing stm32f0xx_hal_rcc_ex.o(i.HAL_RCCEx_CRSConfig), (72 bytes).
    Removing stm32f0xx_hal_rcc_ex.o(i.HAL_RCCEx_CRSGetSynchronizationInfo), (40 bytes).
    Removing stm32f0xx_hal_rcc_ex.o(i.HAL_RCCEx_CRSSoftwareSynchronizationGenerate), (16 bytes).
    Removing stm32f0xx_hal_rcc_ex.o(i.HAL_RCCEx_CRSWaitSynchronization), (120 bytes).
    Removing stm32f0xx_hal_rcc_ex.o(i.HAL_RCCEx_CRS_ErrorCallback), (2 bytes).
    Removing stm32f0xx_hal_rcc_ex.o(i.HAL_RCCEx_CRS_ExpectedSyncCallback), (2 bytes).
    Removing stm32f0xx_hal_rcc_ex.o(i.HAL_RCCEx_CRS_IRQHandler), (112 bytes).
    Removing stm32f0xx_hal_rcc_ex.o(i.HAL_RCCEx_CRS_SyncOkCallback), (2 bytes).
    Removing stm32f0xx_hal_rcc_ex.o(i.HAL_RCCEx_CRS_SyncWarnCallback), (2 bytes).
    Removing stm32f0xx_hal_rcc_ex.o(i.HAL_RCCEx_GetPeriphCLKConfig), (92 bytes).
    Removing stm32f0xx_hal_rcc_ex.o(i.HAL_RCCEx_GetPeriphCLKFreq), (244 bytes).
    Removing system_stm32f0xx.o(.rev16_text), (4 bytes).
    Removing system_stm32f0xx.o(.revsh_text), (4 bytes).
    Removing system_stm32f0xx.o(i.SystemCoreClockUpdate), (112 bytes).
    Removing stm32f0xx_hal_dma.o(i.__ARM_common_switch8), (26 bytes).

269 unused section(s) (total 17397 bytes) removed from the image.

==============================================================================

Image Symbol Table

    Local Symbols

    Symbol Name                              Value     Ov Type        Size  Object(Section)

    ../Drivers/STM32F0xx_HAL_Driver/Src/stm32f0xx_hal.c 0x00000000   Number         0  stm32f0xx_hal.o ABSOLUTE
    ../Drivers/STM32F0xx_HAL_Driver/Src/stm32f0xx_hal_cortex.c 0x00000000   Number         0  stm32f0xx_hal_cortex.o ABSOLUTE
    ../Drivers/STM32F0xx_HAL_Driver/Src/stm32f0xx_hal_dma.c 0x00000000   Number         0  stm32f0xx_hal_dma.o ABSOLUTE
    ../Drivers/STM32F0xx_HAL_Driver/Src/stm32f0xx_hal_flash.c 0x00000000   Number         0  stm32f0xx_hal_flash.o ABSOLUTE
    ../Drivers/STM32F0xx_HAL_Driver/Src/stm32f0xx_hal_flash_ex.c 0x00000000   Number         0  stm32f0xx_hal_flash_ex.o ABSOLUTE
    ../Drivers/STM32F0xx_HAL_Driver/Src/stm32f0xx_hal_gpio.c 0x00000000   Number         0  stm32f0xx_hal_gpio.o ABSOLUTE
    ../Drivers/STM32F0xx_HAL_Driver/Src/stm32f0xx_hal_i2c.c 0x00000000   Number         0  stm32f0xx_hal_i2c.o ABSOLUTE
    ../Drivers/STM32F0xx_HAL_Driver/Src/stm32f0xx_hal_i2c_ex.c 0x00000000   Number         0  stm32f0xx_hal_i2c_ex.o ABSOLUTE
    ../Drivers/STM32F0xx_HAL_Driver/Src/stm32f0xx_hal_pwr.c 0x00000000   Number         0  stm32f0xx_hal_pwr.o ABSOLUTE
    ../Drivers/STM32F0xx_HAL_Driver/Src/stm32f0xx_hal_pwr_ex.c 0x00000000   Number         0  stm32f0xx_hal_pwr_ex.o ABSOLUTE
    ../Drivers/STM32F0xx_HAL_Driver/Src/stm32f0xx_hal_rcc.c 0x00000000   Number         0  stm32f0xx_hal_rcc.o ABSOLUTE
    ../Drivers/STM32F0xx_HAL_Driver/Src/stm32f0xx_hal_rcc_ex.c 0x00000000   Number         0  stm32f0xx_hal_rcc_ex.o ABSOLUTE
    ../Drivers/STM32F0xx_HAL_Driver/Src/stm32f0xx_hal_tim.c 0x00000000   Number         0  stm32f0xx_hal_tim.o ABSOLUTE
    ../Drivers/STM32F0xx_HAL_Driver/Src/stm32f0xx_hal_tim_ex.c 0x00000000   Number         0  stm32f0xx_hal_tim_ex.o ABSOLUTE
    ../Drivers/STM32F0xx_HAL_Driver/Src/stm32f0xx_hal_uart.c 0x00000000   Number         0  stm32f0xx_hal_uart.o ABSOLUTE
    ../Drivers/STM32F0xx_HAL_Driver/Src/stm32f0xx_hal_uart_ex.c 0x00000000   Number         0  stm32f0xx_hal_uart_ex.o ABSOLUTE
    ../Src/main.c                            0x00000000   Number         0  main.o ABSOLUTE
    ../Src/stm32f0xx_hal_msp.c               0x00000000   Number         0  stm32f0xx_hal_msp.o ABSOLUTE
    ../Src/stm32f0xx_it.c                    0x00000000   Number         0  stm32f0xx_it.o ABSOLUTE
    ../Src/system_stm32f0xx.c                0x00000000   Number         0  system_stm32f0xx.o ABSOLUTE
    ../clib/microlib/division.c              0x00000000   Number         0  uidiv.o ABSOLUTE
    ../clib/microlib/init/entry.s            0x00000000   Number         0  entry2.o ABSOLUTE
    ../clib/microlib/init/entry.s            0x00000000   Number         0  entry.o ABSOLUTE
    ../clib/microlib/init/entry.s            0x00000000   Number         0  entry5.o ABSOLUTE
    ../clib/microlib/init/entry.s            0x00000000   Number         0  entry7b.o ABSOLUTE
    ../clib/microlib/init/entry.s            0x00000000   Number         0  entry8b.o ABSOLUTE
    ../clib/microlib/init/entry.s            0x00000000   Number         0  entry9a.o ABSOLUTE
    ../clib/microlib/init/entry.s            0x00000000   Number         0  entry9b.o ABSOLUTE
    ../clib/microlib/init/entry.s            0x00000000   Number         0  entry8a.o ABSOLUTE
    ../clib/microlib/init/entry.s            0x00000000   Number         0  entry11b.o ABSOLUTE
    ../clib/microlib/init/entry.s            0x00000000   Number         0  entry11a.o ABSOLUTE
    ../clib/microlib/init/entry.s            0x00000000   Number         0  entry10b.o ABSOLUTE
    ../clib/microlib/init/entry.s            0x00000000   Number         0  entry10a.o ABSOLUTE
    ../clib/microlib/init/entry.s            0x00000000   Number         0  entry7a.o ABSOLUTE
    ../clib/microlib/longlong.c              0x00000000   Number         0  llushr.o ABSOLUTE
    ..\Drivers\STM32F0xx_HAL_Driver\Src\stm32f0xx_hal.c 0x00000000   Number         0  stm32f0xx_hal.o ABSOLUTE
    ..\Drivers\STM32F0xx_HAL_Driver\Src\stm32f0xx_hal_cortex.c 0x00000000   Number         0  stm32f0xx_hal_cortex.o ABSOLUTE
    ..\Drivers\STM32F0xx_HAL_Driver\Src\stm32f0xx_hal_dma.c 0x00000000   Number         0  stm32f0xx_hal_dma.o ABSOLUTE
    ..\Drivers\STM32F0xx_HAL_Driver\Src\stm32f0xx_hal_flash.c 0x00000000   Number         0  stm32f0xx_hal_flash.o ABSOLUTE
    ..\Drivers\STM32F0xx_HAL_Driver\Src\stm32f0xx_hal_flash_ex.c 0x00000000   Number         0  stm32f0xx_hal_flash_ex.o ABSOLUTE
    ..\Drivers\STM32F0xx_HAL_Driver\Src\stm32f0xx_hal_gpio.c 0x00000000   Number         0  stm32f0xx_hal_gpio.o ABSOLUTE
    ..\Drivers\STM32F0xx_HAL_Driver\Src\stm32f0xx_hal_i2c.c 0x00000000   Number         0  stm32f0xx_hal_i2c.o ABSOLUTE
    ..\Drivers\STM32F0xx_HAL_Driver\Src\stm32f0xx_hal_i2c_ex.c 0x00000000   Number         0  stm32f0xx_hal_i2c_ex.o ABSOLUTE
    ..\Drivers\STM32F0xx_HAL_Driver\Src\stm32f0xx_hal_pwr.c 0x00000000   Number         0  stm32f0xx_hal_pwr.o ABSOLUTE
    ..\Drivers\STM32F0xx_HAL_Driver\Src\stm32f0xx_hal_pwr_ex.c 0x00000000   Number         0  stm32f0xx_hal_pwr_ex.o ABSOLUTE
    ..\Drivers\STM32F0xx_HAL_Driver\Src\stm32f0xx_hal_rcc.c 0x00000000   Number         0  stm32f0xx_hal_rcc.o ABSOLUTE
    ..\Drivers\STM32F0xx_HAL_Driver\Src\stm32f0xx_hal_rcc_ex.c 0x00000000   Number         0  stm32f0xx_hal_rcc_ex.o ABSOLUTE
    ..\Drivers\STM32F0xx_HAL_Driver\Src\stm32f0xx_hal_tim.c 0x00000000   Number         0  stm32f0xx_hal_tim.o ABSOLUTE
    ..\Drivers\STM32F0xx_HAL_Driver\Src\stm32f0xx_hal_tim_ex.c 0x00000000   Number         0  stm32f0xx_hal_tim_ex.o ABSOLUTE
    ..\Drivers\STM32F0xx_HAL_Driver\Src\stm32f0xx_hal_uart.c 0x00000000   Number         0  stm32f0xx_hal_uart.o ABSOLUTE
    ..\Drivers\STM32F0xx_HAL_Driver\Src\stm32f0xx_hal_uart_ex.c 0x00000000   Number         0  stm32f0xx_hal_uart_ex.o ABSOLUTE
    ..\Src\main.c                            0x00000000   Number         0  main.o ABSOLUTE
    ..\Src\stm32f0xx_hal_msp.c               0x00000000   Number         0  stm32f0xx_hal_msp.o ABSOLUTE
    ..\Src\stm32f0xx_it.c                    0x00000000   Number         0  stm32f0xx_it.o ABSOLUTE
    ..\Src\system_stm32f0xx.c                0x00000000   Number         0  system_stm32f0xx.o ABSOLUTE
    dc.s                                     0x00000000   Number         0  dc.o ABSOLUTE
    handlers.s                               0x00000000   Number         0  handlers.o ABSOLUTE
    init.s                                   0x00000000   Number         0  init.o ABSOLUTE
    startup_stm32f091xc.s                    0x00000000   Number         0  startup_stm32f091xc.o ABSOLUTE
    RESET                                    0x08000000   Section      188  startup_stm32f091xc.o(RESET)
    .ARM.Collect$$$$00000000                 0x080000bc   Section        0  entry.o(.ARM.Collect$$$$00000000)
    .ARM.Collect$$$$00000001                 0x080000bc   Section        4  entry2.o(.ARM.Collect$$$$00000001)
    .ARM.Collect$$$$00000004                 0x080000c0   Section        4  entry5.o(.ARM.Collect$$$$00000004)
    .ARM.Collect$$$$00000008                 0x080000c4   Section        0  entry7b.o(.ARM.Collect$$$$00000008)
    .ARM.Collect$$$$0000000A                 0x080000c4   Section        0  entry8b.o(.ARM.Collect$$$$0000000A)
    .ARM.Collect$$$$0000000B                 0x080000c4   Section        8  entry9a.o(.ARM.Collect$$$$0000000B)
    .ARM.Collect$$$$0000000D                 0x080000cc   Section        0  entry10a.o(.ARM.Collect$$$$0000000D)
    .ARM.Collect$$$$0000000F                 0x080000cc   Section        0  entry11a.o(.ARM.Collect$$$$0000000F)
    .ARM.Collect$$$$00002712                 0x080000cc   Section        4  entry2.o(.ARM.Collect$$$$00002712)
    __lit__00000000                          0x080000cc   Data           4  entry2.o(.ARM.Collect$$$$00002712)
    .text                                    0x080000d0   Section       28  startup_stm32f091xc.o(.text)
    .text                                    0x080000ec   Section        0  uidiv.o(.text)
    .text                                    0x08000118   Section       36  init.o(.text)
    i.DMA1_Ch1_IRQHandler                    0x0800013c   Section        0  stm32f0xx_it.o(i.DMA1_Ch1_IRQHandler)
    i.DMA1_Ch2_3_DMA2_Ch1_2_IRQHandler       0x0800014c   Section        0  stm32f0xx_it.o(i.DMA1_Ch2_3_DMA2_Ch1_2_IRQHandler)
    i.DMA1_Ch4_7_DMA2_Ch3_5_IRQHandler       0x0800015c   Section        0  stm32f0xx_it.o(i.DMA1_Ch4_7_DMA2_Ch3_5_IRQHandler)
    i.DMA_CalcBaseAndBitshift                0x0800016c   Section        0  stm32f0xx_hal_dma.o(i.DMA_CalcBaseAndBitshift)
    DMA_CalcBaseAndBitshift                  0x0800016d   Thumb Code    54  stm32f0xx_hal_dma.o(i.DMA_CalcBaseAndBitshift)
    i.DMA_SetConfig                          0x080001b0   Section        0  stm32f0xx_hal_dma.o(i.DMA_SetConfig)
    DMA_SetConfig                            0x080001b1   Thumb Code    40  stm32f0xx_hal_dma.o(i.DMA_SetConfig)
    i.HAL_DMA_Abort_IT                       0x080001d8   Section        0  stm32f0xx_hal_dma.o(i.HAL_DMA_Abort_IT)
    i.HAL_DMA_IRQHandler                     0x08000220   Section        0  stm32f0xx_hal_dma.o(i.HAL_DMA_IRQHandler)
    i.HAL_DMA_Init                           0x080002bc   Section        0  stm32f0xx_hal_dma.o(i.HAL_DMA_Init)
    i.HAL_DMA_Start_IT                       0x08000314   Section        0  stm32f0xx_hal_dma.o(i.HAL_DMA_Start_IT)
    i.HAL_Delay                              0x0800037e   Section        0  stm32f0xx_hal.o(i.HAL_Delay)
    i.HAL_GPIO_Init                          0x0800039c   Section        0  stm32f0xx_hal_gpio.o(i.HAL_GPIO_Init)
    i.HAL_GPIO_TogglePin                     0x080004f4   Section        0  stm32f0xx_hal_gpio.o(i.HAL_GPIO_TogglePin)
    i.HAL_GetTick                            0x080004fc   Section        0  stm32f0xx_hal.o(i.HAL_GetTick)
    i.HAL_IncTick                            0x08000508   Section        0  stm32f0xx_hal.o(i.HAL_IncTick)
    i.HAL_Init                               0x08000518   Section        0  stm32f0xx_hal.o(i.HAL_Init)
    i.HAL_InitTick                           0x08000538   Section        0  stm32f0xx_hal.o(i.HAL_InitTick)
    i.HAL_MspInit                            0x0800055c   Section        0  stm32f0xx_hal_msp.o(i.HAL_MspInit)
    i.HAL_NVIC_EnableIRQ                     0x08000594   Section        0  stm32f0xx_hal_cortex.o(i.HAL_NVIC_EnableIRQ)
    i.HAL_NVIC_SetPriority                   0x080005a8   Section        0  stm32f0xx_hal_cortex.o(i.HAL_NVIC_SetPriority)
    i.HAL_RCCEx_PeriphCLKConfig              0x080005b0   Section        0  stm32f0xx_hal_rcc_ex.o(i.HAL_RCCEx_PeriphCLKConfig)
    i.HAL_RCC_ClockConfig                    0x080006d0   Section        0  stm32f0xx_hal_rcc.o(i.HAL_RCC_ClockConfig)
    i.HAL_RCC_GetHCLKFreq                    0x08000824   Section        0  stm32f0xx_hal_rcc.o(i.HAL_RCC_GetHCLKFreq)
    i.HAL_RCC_GetPCLK1Freq                   0x08000830   Section        0  stm32f0xx_hal_rcc.o(i.HAL_RCC_GetPCLK1Freq)
    i.HAL_RCC_GetSysClockFreq                0x08000850   Section        0  stm32f0xx_hal_rcc.o(i.HAL_RCC_GetSysClockFreq)
    i.HAL_RCC_OscConfig                      0x080008d8   Section        0  stm32f0xx_hal_rcc.o(i.HAL_RCC_OscConfig)
    i.HAL_SYSTICK_CLKSourceConfig            0x08000cb0   Section        0  stm32f0xx_hal_cortex.o(i.HAL_SYSTICK_CLKSourceConfig)
    i.HAL_SYSTICK_Callback                   0x08000cc8   Section        0  stm32f0xx_hal_cortex.o(i.HAL_SYSTICK_Callback)
    i.HAL_SYSTICK_Config                     0x08000ccc   Section        0  stm32f0xx_hal_cortex.o(i.HAL_SYSTICK_Config)
    i.HAL_SYSTICK_IRQHandler                 0x08000cfc   Section        0  stm32f0xx_hal_cortex.o(i.HAL_SYSTICK_IRQHandler)
    i.HAL_UARTEx_WakeupCallback              0x08000d04   Section        0  stm32f0xx_hal_uart_ex.o(i.HAL_UARTEx_WakeupCallback)
    i.HAL_UART_ErrorCallback                 0x08000d06   Section        0  stm32f0xx_hal_uart.o(i.HAL_UART_ErrorCallback)
    i.HAL_UART_IRQHandler                    0x08000d08   Section        0  stm32f0xx_hal_uart.o(i.HAL_UART_IRQHandler)
    i.HAL_UART_Init                          0x08000e3c   Section        0  stm32f0xx_hal_uart.o(i.HAL_UART_Init)
    i.HAL_UART_MspInit                       0x08000ea8   Section        0  stm32f0xx_hal_msp.o(i.HAL_UART_MspInit)
    i.HAL_UART_Receive_DMA                   0x08001074   Section        0  stm32f0xx_hal_uart.o(i.HAL_UART_Receive_DMA)
    i.HAL_UART_RxCpltCallback                0x08001118   Section        0  main.o(i.HAL_UART_RxCpltCallback)
    i.HAL_UART_RxHalfCpltCallback            0x08001130   Section        0  stm32f0xx_hal_uart.o(i.HAL_UART_RxHalfCpltCallback)
    i.HAL_UART_Transmit                      0x08001132   Section        0  stm32f0xx_hal_uart.o(i.HAL_UART_Transmit)
    i.HAL_UART_TxCpltCallback                0x080011fa   Section        0  stm32f0xx_hal_uart.o(i.HAL_UART_TxCpltCallback)
    i.MX_USART1_UART_Init                    0x080011fc   Section        0  main.o(i.MX_USART1_UART_Init)
    MX_USART1_UART_Init                      0x080011fd   Thumb Code    46  main.o(i.MX_USART1_UART_Init)
    i.MX_USART2_UART_Init                    0x08001234   Section        0  main.o(i.MX_USART2_UART_Init)
    MX_USART2_UART_Init                      0x08001235   Thumb Code    46  main.o(i.MX_USART2_UART_Init)
    i.MX_USART3_UART_Init                    0x0800126c   Section        0  main.o(i.MX_USART3_UART_Init)
    MX_USART3_UART_Init                      0x0800126d   Thumb Code    46  main.o(i.MX_USART3_UART_Init)
    i.NVIC_SetPriority                       0x080012a4   Section        0  stm32f0xx_hal_cortex.o(i.NVIC_SetPriority)
    NVIC_SetPriority                         0x080012a5   Thumb Code    60  stm32f0xx_hal_cortex.o(i.NVIC_SetPriority)
    i.PendSV_Handler                         0x080012e8   Section        0  stm32f0xx_it.o(i.PendSV_Handler)
    i.SVC_Handler                            0x080012ea   Section        0  stm32f0xx_it.o(i.SVC_Handler)
    i.SysTick_Handler                        0x080012ec   Section        0  stm32f0xx_it.o(i.SysTick_Handler)
    i.SystemClock_Config                     0x080012f8   Section        0  main.o(i.SystemClock_Config)
    i.SystemInit                             0x0800137c   Section        0  system_stm32f0xx.o(i.SystemInit)
    i.UART_AdvFeatureConfig                  0x080013d8   Section        0  stm32f0xx_hal_uart.o(i.UART_AdvFeatureConfig)
    i.UART_CheckIdleState                    0x080014a4   Section        0  stm32f0xx_hal_uart.o(i.UART_CheckIdleState)
    i.UART_DMAAbortOnError                   0x08001520   Section        0  stm32f0xx_hal_uart.o(i.UART_DMAAbortOnError)
    UART_DMAAbortOnError                     0x08001521   Thumb Code    20  stm32f0xx_hal_uart.o(i.UART_DMAAbortOnError)
    i.UART_DMAError                          0x08001534   Section        0  stm32f0xx_hal_uart.o(i.UART_DMAError)
    UART_DMAError                            0x08001535   Thumb Code    74  stm32f0xx_hal_uart.o(i.UART_DMAError)
    i.UART_DMAReceiveCplt                    0x0800157e   Section        0  stm32f0xx_hal_uart.o(i.UART_DMAReceiveCplt)
    UART_DMAReceiveCplt                      0x0800157f   Thumb Code    64  stm32f0xx_hal_uart.o(i.UART_DMAReceiveCplt)
    i.UART_DMARxHalfCplt                     0x080015be   Section        0  stm32f0xx_hal_uart.o(i.UART_DMARxHalfCplt)
    UART_DMARxHalfCplt                       0x080015bf   Thumb Code    10  stm32f0xx_hal_uart.o(i.UART_DMARxHalfCplt)
    i.UART_EndRxTransfer                     0x080015c8   Section        0  stm32f0xx_hal_uart.o(i.UART_EndRxTransfer)
    UART_EndRxTransfer                       0x080015c9   Thumb Code    30  stm32f0xx_hal_uart.o(i.UART_EndRxTransfer)
    i.UART_EndTransmit_IT                    0x080015e6   Section        0  stm32f0xx_hal_uart.o(i.UART_EndTransmit_IT)
    i.UART_EndTxTransfer                     0x08001600   Section        0  stm32f0xx_hal_uart.o(i.UART_EndTxTransfer)
    UART_EndTxTransfer                       0x08001601   Thumb Code    18  stm32f0xx_hal_uart.o(i.UART_EndTxTransfer)
    i.UART_Receive_IT                        0x08001612   Section        0  stm32f0xx_hal_uart.o(i.UART_Receive_IT)
    i.UART_SetConfig                         0x0800168c   Section        0  stm32f0xx_hal_uart.o(i.UART_SetConfig)
    i.UART_Transmit_IT                       0x0800182c   Section        0  stm32f0xx_hal_uart.o(i.UART_Transmit_IT)
    i.UART_WaitOnFlagUntilTimeout            0x08001892   Section        0  stm32f0xx_hal_uart.o(i.UART_WaitOnFlagUntilTimeout)
    i.USART1_IRQHandler                      0x080018f4   Section        0  stm32f0xx_it.o(i.USART1_IRQHandler)
    i.USART2_IRQHandler                      0x08001904   Section        0  stm32f0xx_it.o(i.USART2_IRQHandler)
    i.USART3_8_IRQHandler                    0x08001914   Section        0  stm32f0xx_it.o(i.USART3_8_IRQHandler)
    i._Error_Handler                         0x08001924   Section        0  main.o(i._Error_Handler)
    i.__scatterload_copy                     0x08001926   Section       14  handlers.o(i.__scatterload_copy)
    i.__scatterload_null                     0x08001934   Section        2  handlers.o(i.__scatterload_null)
    i.__scatterload_zeroinit                 0x08001936   Section       14  handlers.o(i.__scatterload_zeroinit)
    i.main                                   0x08001944   Section        0  main.o(i.main)
    .constdata                               0x080019e4   Section       16  system_stm32f0xx.o(.constdata)
    .constdata                               0x080019f4   Section        8  system_stm32f0xx.o(.constdata)
    .data                                    0x20000000   Section        4  stm32f0xx_hal.o(.data)
    .data                                    0x20000004   Section        4  system_stm32f0xx.o(.data)
    .bss                                     0x20000008   Section      347  main.o(.bss)
    .bss                                     0x20000164   Section       68  main.o(.bss)
    .bss                                     0x200001a8   Section       68  main.o(.bss)
    .bss                                     0x200001ec   Section       68  main.o(.bss)
    STACK                                    0x20000230   Section     1024  startup_stm32f091xc.o(STACK)

    Global Symbols

    Symbol Name                              Value     Ov Type        Size  Object(Section)

    BuildAttributes$$THM_ISAv3M$S$PE$A:L22$X:L11$S22$IEEE1$IW$USESV6$~STKCKD$USESV7$~SHL$OSPACE$EBA8$MICROLIB$REQ8$PRES8$EABIv2 0x00000000   Number         0  anon$$obj.o ABSOLUTE
    __ARM_use_no_argv                        0x00000000   Number         0  main.o ABSOLUTE
    __cpp_initialize__aeabi_                  - Undefined Weak Reference
    __cxa_finalize                            - Undefined Weak Reference
    __decompress                              - Undefined Weak Reference
    _clock_init                               - Undefined Weak Reference
    _microlib_exit                            - Undefined Weak Reference
    __Vectors_Size                           0x000000bc   Number         0  startup_stm32f091xc.o ABSOLUTE
    __Vectors                                0x08000000   Data           4  startup_stm32f091xc.o(RESET)
    __Vectors_End                            0x080000bc   Data           0  startup_stm32f091xc.o(RESET)
    __main                                   0x080000bd   Thumb Code     0  entry.o(.ARM.Collect$$$$00000000)
    _main_stk                                0x080000bd   Thumb Code     0  entry2.o(.ARM.Collect$$$$00000001)
    _main_scatterload                        0x080000c1   Thumb Code     0  entry5.o(.ARM.Collect$$$$00000004)
    __main_after_scatterload                 0x080000c5   Thumb Code     0  entry5.o(.ARM.Collect$$$$00000004)
    _main_clock                              0x080000c5   Thumb Code     0  entry7b.o(.ARM.Collect$$$$00000008)
    _main_cpp_init                           0x080000c5   Thumb Code     0  entry8b.o(.ARM.Collect$$$$0000000A)
    _main_init                               0x080000c5   Thumb Code     0  entry9a.o(.ARM.Collect$$$$0000000B)
    __rt_final_cpp                           0x080000cd   Thumb Code     0  entry10a.o(.ARM.Collect$$$$0000000D)
    __rt_final_exit                          0x080000cd   Thumb Code     0  entry11a.o(.ARM.Collect$$$$0000000F)
    Reset_Handler                            0x080000d1   Thumb Code     8  startup_stm32f091xc.o(.text)
    NMI_Handler                              0x080000d9   Thumb Code     2  startup_stm32f091xc.o(.text)
    HardFault_Handler                        0x080000db   Thumb Code     2  startup_stm32f091xc.o(.text)
    ADC1_COMP_IRQHandler                     0x080000e3   Thumb Code     0  startup_stm32f091xc.o(.text)
    CEC_CAN_IRQHandler                       0x080000e3   Thumb Code     0  startup_stm32f091xc.o(.text)
    EXTI0_1_IRQHandler                       0x080000e3   Thumb Code     0  startup_stm32f091xc.o(.text)
    EXTI2_3_IRQHandler                       0x080000e3   Thumb Code     0  startup_stm32f091xc.o(.text)
    EXTI4_15_IRQHandler                      0x080000e3   Thumb Code     0  startup_stm32f091xc.o(.text)
    FLASH_IRQHandler                         0x080000e3   Thumb Code     0  startup_stm32f091xc.o(.text)
    I2C1_IRQHandler                          0x080000e3   Thumb Code     0  startup_stm32f091xc.o(.text)
    I2C2_IRQHandler                          0x080000e3   Thumb Code     0  startup_stm32f091xc.o(.text)
    PVD_VDDIO2_IRQHandler                    0x080000e3   Thumb Code     0  startup_stm32f091xc.o(.text)
    RCC_CRS_IRQHandler                       0x080000e3   Thumb Code     0  startup_stm32f091xc.o(.text)
    RTC_IRQHandler                           0x080000e3   Thumb Code     0  startup_stm32f091xc.o(.text)
    SPI1_IRQHandler                          0x080000e3   Thumb Code     0  startup_stm32f091xc.o(.text)
    SPI2_IRQHandler                          0x080000e3   Thumb Code     0  startup_stm32f091xc.o(.text)
    TIM14_IRQHandler                         0x080000e3   Thumb Code     0  startup_stm32f091xc.o(.text)
    TIM15_IRQHandler                         0x080000e3   Thumb Code     0  startup_stm32f091xc.o(.text)
    TIM16_IRQHandler                         0x080000e3   Thumb Code     0  startup_stm32f091xc.o(.text)
    TIM17_IRQHandler                         0x080000e3   Thumb Code     0  startup_stm32f091xc.o(.text)
    TIM1_BRK_UP_TRG_COM_IRQHandler           0x080000e3   Thumb Code     0  startup_stm32f091xc.o(.text)
    TIM1_CC_IRQHandler                       0x080000e3   Thumb Code     0  startup_stm32f091xc.o(.text)
    TIM2_IRQHandler                          0x080000e3   Thumb Code     0  startup_stm32f091xc.o(.text)
    TIM3_IRQHandler                          0x080000e3   Thumb Code     0  startup_stm32f091xc.o(.text)
    TIM6_DAC_IRQHandler                      0x080000e3   Thumb Code     0  startup_stm32f091xc.o(.text)
    TIM7_IRQHandler                          0x080000e3   Thumb Code     0  startup_stm32f091xc.o(.text)
    TSC_IRQHandler                           0x080000e3   Thumb Code     0  startup_stm32f091xc.o(.text)
    WWDG_IRQHandler                          0x080000e3   Thumb Code     0  startup_stm32f091xc.o(.text)
    __aeabi_uidiv                            0x080000ed   Thumb Code     0  uidiv.o(.text)
    __aeabi_uidivmod                         0x080000ed   Thumb Code    44  uidiv.o(.text)
    __scatterload                            0x08000119   Thumb Code    28  init.o(.text)
    __scatterload_rt2                        0x08000119   Thumb Code     0  init.o(.text)
    DMA1_Ch1_IRQHandler                      0x0800013d   Thumb Code    10  stm32f0xx_it.o(i.DMA1_Ch1_IRQHandler)
    DMA1_Ch2_3_DMA2_Ch1_2_IRQHandler         0x0800014d   Thumb Code    10  stm32f0xx_it.o(i.DMA1_Ch2_3_DMA2_Ch1_2_IRQHandler)
    DMA1_Ch4_7_DMA2_Ch3_5_IRQHandler         0x0800015d   Thumb Code    10  stm32f0xx_it.o(i.DMA1_Ch4_7_DMA2_Ch3_5_IRQHandler)
    HAL_DMA_Abort_IT                         0x080001d9   Thumb Code    72  stm32f0xx_hal_dma.o(i.HAL_DMA_Abort_IT)
    HAL_DMA_IRQHandler                       0x08000221   Thumb Code   156  stm32f0xx_hal_dma.o(i.HAL_DMA_IRQHandler)
    HAL_DMA_Init                             0x080002bd   Thumb Code    84  stm32f0xx_hal_dma.o(i.HAL_DMA_Init)
    HAL_DMA_Start_IT                         0x08000315   Thumb Code   106  stm32f0xx_hal_dma.o(i.HAL_DMA_Start_IT)
    HAL_Delay                                0x0800037f   Thumb Code    28  stm32f0xx_hal.o(i.HAL_Delay)
    HAL_GPIO_Init                            0x0800039d   Thumb Code   314  stm32f0xx_hal_gpio.o(i.HAL_GPIO_Init)
    HAL_GPIO_TogglePin                       0x080004f5   Thumb Code     8  stm32f0xx_hal_gpio.o(i.HAL_GPIO_TogglePin)
    HAL_GetTick                              0x080004fd   Thumb Code     6  stm32f0xx_hal.o(i.HAL_GetTick)
    HAL_IncTick                              0x08000509   Thumb Code    10  stm32f0xx_hal.o(i.HAL_IncTick)
    HAL_Init                                 0x08000519   Thumb Code    26  stm32f0xx_hal.o(i.HAL_Init)
    HAL_InitTick                             0x08000539   Thumb Code    34  stm32f0xx_hal.o(i.HAL_InitTick)
    HAL_MspInit                              0x0800055d   Thumb Code    50  stm32f0xx_hal_msp.o(i.HAL_MspInit)
    HAL_NVIC_EnableIRQ                       0x08000595   Thumb Code    14  stm32f0xx_hal_cortex.o(i.HAL_NVIC_EnableIRQ)
    HAL_NVIC_SetPriority                     0x080005a9   Thumb Code     8  stm32f0xx_hal_cortex.o(i.HAL_NVIC_SetPriority)
    HAL_RCCEx_PeriphCLKConfig                0x080005b1   Thumb Code   276  stm32f0xx_hal_rcc_ex.o(i.HAL_RCCEx_PeriphCLKConfig)
    HAL_RCC_ClockConfig                      0x080006d1   Thumb Code   320  stm32f0xx_hal_rcc.o(i.HAL_RCC_ClockConfig)
    HAL_RCC_GetHCLKFreq                      0x08000825   Thumb Code     6  stm32f0xx_hal_rcc.o(i.HAL_RCC_GetHCLKFreq)
    HAL_RCC_GetPCLK1Freq                     0x08000831   Thumb Code    20  stm32f0xx_hal_rcc.o(i.HAL_RCC_GetPCLK1Freq)
    HAL_RCC_GetSysClockFreq                  0x08000851   Thumb Code    90  stm32f0xx_hal_rcc.o(i.HAL_RCC_GetSysClockFreq)
    HAL_RCC_OscConfig                        0x080008d9   Thumb Code   966  stm32f0xx_hal_rcc.o(i.HAL_RCC_OscConfig)
    HAL_SYSTICK_CLKSourceConfig              0x08000cb1   Thumb Code    20  stm32f0xx_hal_cortex.o(i.HAL_SYSTICK_CLKSourceConfig)
    HAL_SYSTICK_Callback                     0x08000cc9   Thumb Code     2  stm32f0xx_hal_cortex.o(i.HAL_SYSTICK_Callback)
    HAL_SYSTICK_Config                       0x08000ccd   Thumb Code    38  stm32f0xx_hal_cortex.o(i.HAL_SYSTICK_Config)
    HAL_SYSTICK_IRQHandler                   0x08000cfd   Thumb Code     8  stm32f0xx_hal_cortex.o(i.HAL_SYSTICK_IRQHandler)
    HAL_UARTEx_WakeupCallback                0x08000d05   Thumb Code     2  stm32f0xx_hal_uart_ex.o(i.HAL_UARTEx_WakeupCallback)
    HAL_UART_ErrorCallback                   0x08000d07   Thumb Code     2  stm32f0xx_hal_uart.o(i.HAL_UART_ErrorCallback)
    HAL_UART_IRQHandler                      0x08000d09   Thumb Code   304  stm32f0xx_hal_uart.o(i.HAL_UART_IRQHandler)
    HAL_UART_Init                            0x08000e3d   Thumb Code   108  stm32f0xx_hal_uart.o(i.HAL_UART_Init)
    HAL_UART_MspInit                         0x08000ea9   Thumb Code   394  stm32f0xx_hal_msp.o(i.HAL_UART_MspInit)
    HAL_UART_Receive_DMA                     0x08001075   Thumb Code   150  stm32f0xx_hal_uart.o(i.HAL_UART_Receive_DMA)
    HAL_UART_RxCpltCallback                  0x08001119   Thumb Code    18  main.o(i.HAL_UART_RxCpltCallback)
    HAL_UART_RxHalfCpltCallback              0x08001131   Thumb Code     2  stm32f0xx_hal_uart.o(i.HAL_UART_RxHalfCpltCallback)
    HAL_UART_Transmit                        0x08001133   Thumb Code   200  stm32f0xx_hal_uart.o(i.HAL_UART_Transmit)
    HAL_UART_TxCpltCallback                  0x080011fb   Thumb Code     2  stm32f0xx_hal_uart.o(i.HAL_UART_TxCpltCallback)
    PendSV_Handler                           0x080012e9   Thumb Code     2  stm32f0xx_it.o(i.PendSV_Handler)
    SVC_Handler                              0x080012eb   Thumb Code     2  stm32f0xx_it.o(i.SVC_Handler)
    SysTick_Handler                          0x080012ed   Thumb Code    12  stm32f0xx_it.o(i.SysTick_Handler)
    SystemClock_Config                       0x080012f9   Thumb Code   126  main.o(i.SystemClock_Config)
    SystemInit                               0x0800137d   Thumb Code    76  system_stm32f0xx.o(i.SystemInit)
    UART_AdvFeatureConfig                    0x080013d9   Thumb Code   202  stm32f0xx_hal_uart.o(i.UART_AdvFeatureConfig)
    UART_CheckIdleState                      0x080014a5   Thumb Code   108  stm32f0xx_hal_uart.o(i.UART_CheckIdleState)
    UART_EndTransmit_IT                      0x080015e7   Thumb Code    26  stm32f0xx_hal_uart.o(i.UART_EndTransmit_IT)
    UART_Receive_IT                          0x08001613   Thumb Code   122  stm32f0xx_hal_uart.o(i.UART_Receive_IT)
    UART_SetConfig                           0x0800168d   Thumb Code   368  stm32f0xx_hal_uart.o(i.UART_SetConfig)
    UART_Transmit_IT                         0x0800182d   Thumb Code   102  stm32f0xx_hal_uart.o(i.UART_Transmit_IT)
    UART_WaitOnFlagUntilTimeout              0x08001893   Thumb Code    98  stm32f0xx_hal_uart.o(i.UART_WaitOnFlagUntilTimeout)
    USART1_IRQHandler                        0x080018f5   Thumb Code    10  stm32f0xx_it.o(i.USART1_IRQHandler)
    USART2_IRQHandler                        0x08001905   Thumb Code    10  stm32f0xx_it.o(i.USART2_IRQHandler)
    USART3_8_IRQHandler                      0x08001915   Thumb Code    10  stm32f0xx_it.o(i.USART3_8_IRQHandler)
    _Error_Handler                           0x08001925   Thumb Code     2  main.o(i._Error_Handler)
    __scatterload_copy                       0x08001927   Thumb Code    14  handlers.o(i.__scatterload_copy)
    __scatterload_null                       0x08001935   Thumb Code     2  handlers.o(i.__scatterload_null)
    __scatterload_zeroinit                   0x08001937   Thumb Code    14  handlers.o(i.__scatterload_zeroinit)
    main                                     0x08001945   Thumb Code   152  main.o(i.main)
    AHBPrescTable                            0x080019e4   Data          16  system_stm32f0xx.o(.constdata)
    APBPrescTable                            0x080019f4   Data           8  system_stm32f0xx.o(.constdata)
    Region$$Table$$Base                      0x080019fc   Number         0  anon$$obj.o(Region$$Table)
    Region$$Table$$Limit                     0x08001a1c   Number         0  anon$$obj.o(Region$$Table)
    uwTick                                   0x20000000   Data           4  stm32f0xx_hal.o(.data)
    SystemCoreClock                          0x20000004   Data           4  system_stm32f0xx.o(.data)
    huart1                                   0x20000008   Data         112  main.o(.bss)
    huart2                                   0x20000078   Data         112  main.o(.bss)
    huart3                                   0x200000e8   Data         112  main.o(.bss)
    RxData                                   0x20000158   Data          11  main.o(.bss)
    hdma_usart1_rx                           0x20000164   Data          68  main.o(.bss)
    hdma_usart2_rx                           0x200001a8   Data          68  main.o(.bss)
    hdma_usart3_rx                           0x200001ec   Data          68  main.o(.bss)
    __initial_sp                             0x20000630   Data           0  startup_stm32f091xc.o(STACK)



==============================================================================

Memory Map of the image

  Image Entry point : 0x080000bd

  Load Region LR_IROM1 (Base: 0x08000000, Size: 0x00001a24, Max: 0x00040000, ABSOLUTE)

    Execution Region ER_IROM1 (Exec base: 0x08000000, Load base: 0x08000000, Size: 0x00001a1c, Max: 0x00040000, ABSOLUTE)

    Exec Addr    Load Addr    Size         Type   Attr      Idx    E Section Name        Object

    0x08000000   0x08000000   0x000000bc   Data   RO            3    RESET               startup_stm32f091xc.o
    0x080000bc   0x080000bc   0x00000000   Code   RO         2101  * .ARM.Collect$$$$00000000  mc_p.l(entry.o)
    0x080000bc   0x080000bc   0x00000004   Code   RO         2108    .ARM.Collect$$$$00000001  mc_p.l(entry2.o)
    0x080000c0   0x080000c0   0x00000004   Code   RO         2111    .ARM.Collect$$$$00000004  mc_p.l(entry5.o)
    0x080000c4   0x080000c4   0x00000000   Code   RO         2113    .ARM.Collect$$$$00000008  mc_p.l(entry7b.o)
    0x080000c4   0x080000c4   0x00000000   Code   RO         2115    .ARM.Collect$$$$0000000A  mc_p.l(entry8b.o)
    0x080000c4   0x080000c4   0x00000008   Code   RO         2116    .ARM.Collect$$$$0000000B  mc_p.l(entry9a.o)
    0x080000cc   0x080000cc   0x00000000   Code   RO         2118    .ARM.Collect$$$$0000000D  mc_p.l(entry10a.o)
    0x080000cc   0x080000cc   0x00000000   Code   RO         2120    .ARM.Collect$$$$0000000F  mc_p.l(entry11a.o)
    0x080000cc   0x080000cc   0x00000004   Code   RO         2109    .ARM.Collect$$$$00002712  mc_p.l(entry2.o)
    0x080000d0   0x080000d0   0x0000001c   Code   RO            4    .text               startup_stm32f091xc.o
    0x080000ec   0x080000ec   0x0000002c   Code   RO         2104    .text               mc_p.l(uidiv.o)
    0x08000118   0x08000118   0x00000024   Code   RO         2122    .text               mc_p.l(init.o)
    0x0800013c   0x0800013c   0x00000010   Code   RO           12    i.DMA1_Ch1_IRQHandler  stm32f0xx_it.o
    0x0800014c   0x0800014c   0x00000010   Code   RO           13    i.DMA1_Ch2_3_DMA2_Ch1_2_IRQHandler  stm32f0xx_it.o
    0x0800015c   0x0800015c   0x00000010   Code   RO           14    i.DMA1_Ch4_7_DMA2_Ch3_5_IRQHandler  stm32f0xx_it.o
    0x0800016c   0x0800016c   0x00000044   Code   RO         1563    i.DMA_CalcBaseAndBitshift  stm32f0xx_hal_dma.o
    0x080001b0   0x080001b0   0x00000028   Code   RO         1564    i.DMA_SetConfig     stm32f0xx_hal_dma.o
    0x080001d8   0x080001d8   0x00000048   Code   RO         1566    i.HAL_DMA_Abort_IT  stm32f0xx_hal_dma.o
    0x08000220   0x08000220   0x0000009c   Code   RO         1570    i.HAL_DMA_IRQHandler  stm32f0xx_hal_dma.o
    0x080002bc   0x080002bc   0x00000058   Code   RO         1571    i.HAL_DMA_Init      stm32f0xx_hal_dma.o
    0x08000314   0x08000314   0x0000006a   Code   RO         1575    i.HAL_DMA_Start_IT  stm32f0xx_hal_dma.o
    0x0800037e   0x0800037e   0x0000001c   Code   RO         1765    i.HAL_Delay         stm32f0xx_hal.o
    0x0800039a   0x0800039a   0x00000002   PAD
    0x0800039c   0x0800039c   0x00000158   Code   RO          359    i.HAL_GPIO_Init     stm32f0xx_hal_gpio.o
    0x080004f4   0x080004f4   0x00000008   Code   RO          362    i.HAL_GPIO_TogglePin  stm32f0xx_hal_gpio.o
    0x080004fc   0x080004fc   0x0000000c   Code   RO         1769    i.HAL_GetTick       stm32f0xx_hal.o
    0x08000508   0x08000508   0x00000010   Code   RO         1773    i.HAL_IncTick       stm32f0xx_hal.o
    0x08000518   0x08000518   0x00000020   Code   RO         1774    i.HAL_Init          stm32f0xx_hal.o
    0x08000538   0x08000538   0x00000022   Code   RO         1775    i.HAL_InitTick      stm32f0xx_hal.o
    0x0800055a   0x0800055a   0x00000002   PAD
    0x0800055c   0x0800055c   0x00000038   Code   RO          171    i.HAL_MspInit       stm32f0xx_hal_msp.o
    0x08000594   0x08000594   0x00000014   Code   RO         1409    i.HAL_NVIC_EnableIRQ  stm32f0xx_hal_cortex.o
    0x080005a8   0x080005a8   0x00000008   Code   RO         1413    i.HAL_NVIC_SetPriority  stm32f0xx_hal_cortex.o
    0x080005b0   0x080005b0   0x00000120   Code   RO         1994    i.HAL_RCCEx_PeriphCLKConfig  stm32f0xx_hal_rcc_ex.o
    0x080006d0   0x080006d0   0x00000154   Code   RO          265    i.HAL_RCC_ClockConfig  stm32f0xx_hal_rcc.o
    0x08000824   0x08000824   0x0000000c   Code   RO          270    i.HAL_RCC_GetHCLKFreq  stm32f0xx_hal_rcc.o
    0x08000830   0x08000830   0x00000020   Code   RO          272    i.HAL_RCC_GetPCLK1Freq  stm32f0xx_hal_rcc.o
    0x08000850   0x08000850   0x00000088   Code   RO          273    i.HAL_RCC_GetSysClockFreq  stm32f0xx_hal_rcc.o
    0x080008d8   0x080008d8   0x000003d8   Code   RO          276    i.HAL_RCC_OscConfig  stm32f0xx_hal_rcc.o
    0x08000cb0   0x08000cb0   0x00000018   Code   RO         1415    i.HAL_SYSTICK_CLKSourceConfig  stm32f0xx_hal_cortex.o
    0x08000cc8   0x08000cc8   0x00000002   Code   RO         1416    i.HAL_SYSTICK_Callback  stm32f0xx_hal_cortex.o
    0x08000cca   0x08000cca   0x00000002   PAD
    0x08000ccc   0x08000ccc   0x00000030   Code   RO         1417    i.HAL_SYSTICK_Config  stm32f0xx_hal_cortex.o
    0x08000cfc   0x08000cfc   0x00000008   Code   RO         1418    i.HAL_SYSTICK_IRQHandler  stm32f0xx_hal_cortex.o
    0x08000d04   0x08000d04   0x00000002   Code   RO         1508    i.HAL_UARTEx_WakeupCallback  stm32f0xx_hal_uart_ex.o
    0x08000d06   0x08000d06   0x00000002   Code   RO         1008    i.HAL_UART_ErrorCallback  stm32f0xx_hal_uart.o
    0x08000d08   0x08000d08   0x00000134   Code   RO         1011    i.HAL_UART_IRQHandler  stm32f0xx_hal_uart.o
    0x08000e3c   0x08000e3c   0x0000006c   Code   RO         1012    i.HAL_UART_Init     stm32f0xx_hal_uart.o
    0x08000ea8   0x08000ea8   0x000001cc   Code   RO          173    i.HAL_UART_MspInit  stm32f0xx_hal_msp.o
    0x08001074   0x08001074   0x000000a4   Code   RO         1016    i.HAL_UART_Receive_DMA  stm32f0xx_hal_uart.o
    0x08001118   0x08001118   0x00000018   Code   RO          204    i.HAL_UART_RxCpltCallback  main.o
    0x08001130   0x08001130   0x00000002   Code   RO         1019    i.HAL_UART_RxHalfCpltCallback  stm32f0xx_hal_uart.o
    0x08001132   0x08001132   0x000000c8   Code   RO         1020    i.HAL_UART_Transmit  stm32f0xx_hal_uart.o
    0x080011fa   0x080011fa   0x00000002   Code   RO         1023    i.HAL_UART_TxCpltCallback  stm32f0xx_hal_uart.o
    0x080011fc   0x080011fc   0x00000038   Code   RO          205    i.MX_USART1_UART_Init  main.o
    0x08001234   0x08001234   0x00000038   Code   RO          206    i.MX_USART2_UART_Init  main.o
    0x0800126c   0x0800126c   0x00000038   Code   RO          207    i.MX_USART3_UART_Init  main.o
    0x080012a4   0x080012a4   0x00000044   Code   RO         1419    i.NVIC_SetPriority  stm32f0xx_hal_cortex.o
    0x080012e8   0x080012e8   0x00000002   Code   RO           15    i.PendSV_Handler    stm32f0xx_it.o
    0x080012ea   0x080012ea   0x00000002   Code   RO           16    i.SVC_Handler       stm32f0xx_it.o
    0x080012ec   0x080012ec   0x0000000c   Code   RO           17    i.SysTick_Handler   stm32f0xx_it.o
    0x080012f8   0x080012f8   0x00000084   Code   RO          208    i.SystemClock_Config  main.o
    0x0800137c   0x0800137c   0x0000005c   Code   RO         2070    i.SystemInit        system_stm32f0xx.o
    0x080013d8   0x080013d8   0x000000ca   Code   RO         1025    i.UART_AdvFeatureConfig  stm32f0xx_hal_uart.o
    0x080014a2   0x080014a2   0x00000002   PAD
    0x080014a4   0x080014a4   0x0000007c   Code   RO         1026    i.UART_CheckIdleState  stm32f0xx_hal_uart.o
    0x08001520   0x08001520   0x00000014   Code   RO         1027    i.UART_DMAAbortOnError  stm32f0xx_hal_uart.o
    0x08001534   0x08001534   0x0000004a   Code   RO         1028    i.UART_DMAError     stm32f0xx_hal_uart.o
    0x0800157e   0x0800157e   0x00000040   Code   RO         1029    i.UART_DMAReceiveCplt  stm32f0xx_hal_uart.o
    0x080015be   0x080015be   0x0000000a   Code   RO         1031    i.UART_DMARxHalfCplt  stm32f0xx_hal_uart.o
    0x080015c8   0x080015c8   0x0000001e   Code   RO         1037    i.UART_EndRxTransfer  stm32f0xx_hal_uart.o
    0x080015e6   0x080015e6   0x0000001a   Code   RO         1038    i.UART_EndTransmit_IT  stm32f0xx_hal_uart.o
    0x08001600   0x08001600   0x00000012   Code   RO         1039    i.UART_EndTxTransfer  stm32f0xx_hal_uart.o
    0x08001612   0x08001612   0x0000007a   Code   RO         1040    i.UART_Receive_IT   stm32f0xx_hal_uart.o
    0x0800168c   0x0800168c   0x000001a0   Code   RO         1041    i.UART_SetConfig    stm32f0xx_hal_uart.o
    0x0800182c   0x0800182c   0x00000066   Code   RO         1042    i.UART_Transmit_IT  stm32f0xx_hal_uart.o
    0x08001892   0x08001892   0x00000062   Code   RO         1043    i.UART_WaitOnFlagUntilTimeout  stm32f0xx_hal_uart.o
    0x080018f4   0x080018f4   0x00000010   Code   RO           18    i.USART1_IRQHandler  stm32f0xx_it.o
    0x08001904   0x08001904   0x00000010   Code   RO           19    i.USART2_IRQHandler  stm32f0xx_it.o
    0x08001914   0x08001914   0x00000010   Code   RO           20    i.USART3_8_IRQHandler  stm32f0xx_it.o
    0x08001924   0x08001924   0x00000002   Code   RO          209    i._Error_Handler    main.o
    0x08001926   0x08001926   0x0000000e   Code   RO         2126    i.__scatterload_copy  mc_p.l(handlers.o)
    0x08001934   0x08001934   0x00000002   Code   RO         2127    i.__scatterload_null  mc_p.l(handlers.o)
    0x08001936   0x08001936   0x0000000e   Code   RO         2128    i.__scatterload_zeroinit  mc_p.l(handlers.o)
    0x08001944   0x08001944   0x000000a0   Code   RO          210    i.main              main.o
    0x080019e4   0x080019e4   0x00000010   Data   RO         2071    .constdata          system_stm32f0xx.o
    0x080019f4   0x080019f4   0x00000008   Data   RO         2072    .constdata          system_stm32f0xx.o
    0x080019fc   0x080019fc   0x00000020   Data   RO         2124    Region$$Table       anon$$obj.o


    Execution Region RW_IRAM1 (Exec base: 0x20000000, Load base: 0x08001a1c, Size: 0x00000630, Max: 0x00008000, ABSOLUTE)

    Exec Addr    Load Addr    Size         Type   Attr      Idx    E Section Name        Object

    0x20000000   0x08001a1c   0x00000004   Data   RW         1780    .data               stm32f0xx_hal.o
    0x20000004   0x08001a20   0x00000004   Data   RW         2073    .data               system_stm32f0xx.o
    0x20000008        -       0x0000015b   Zero   RW          211    .bss                main.o
    0x20000163   0x08001a24   0x00000001   PAD
    0x20000164        -       0x00000044   Zero   RW          212    .bss                main.o
    0x200001a8        -       0x00000044   Zero   RW          213    .bss                main.o
    0x200001ec        -       0x00000044   Zero   RW          214    .bss                main.o
    0x20000230        -       0x00000400   Zero   RW            1    STACK               startup_stm32f091xc.o


==============================================================================

Image component sizes


      Code (inc. data)   RO Data    RW Data    ZI Data      Debug   Object Name

       486         50          0          0        551       4653   main.o
        28          8        188          0       1024        636   startup_stm32f091xc.o
       122         18          0          4          0       3671   stm32f0xx_hal.o
       178         28          0          0          0      10567   stm32f0xx_hal_cortex.o
       530         18          0          0          0       4886   stm32f0xx_hal_dma.o
       352         30          0          0          0       2213   stm32f0xx_hal_gpio.o
       516         72          0          0          0       1956   stm32f0xx_hal_msp.o
      1504        102          0          0          0       5209   stm32f0xx_hal_rcc.o
       288         12          0          0          0       1520   stm32f0xx_hal_rcc_ex.o
      2092         82          0          0          0      14810   stm32f0xx_hal_uart.o
         2          0          0          0          0        992   stm32f0xx_hal_uart_ex.o
       112         36          0          0          0     499003   stm32f0xx_it.o
        92         16         24          4          0       1159   system_stm32f0xx.o

    ----------------------------------------------------------------------
      6310        472        244          8       1576     551275   Object Totals
         0          0         32          0          0          0   (incl. Generated)
         8          0          0          0          1          0   (incl. Padding)

    ----------------------------------------------------------------------

      Code (inc. data)   RO Data    RW Data    ZI Data      Debug   Library Member Name

         0          0          0          0          0          0   entry.o
         0          0          0          0          0          0   entry10a.o
         0          0          0          0          0          0   entry11a.o
         8          4          0          0          0          0   entry2.o
         4          0          0          0          0          0   entry5.o
         0          0          0          0          0          0   entry7b.o
         0          0          0          0          0          0   entry8b.o
         8          4          0          0          0          0   entry9a.o
        30          0          0          0          0          0   handlers.o
        36          8          0          0          0         68   init.o
        44          0          0          0          0         72   uidiv.o

    ----------------------------------------------------------------------
       130         16          0          0          0        140   Library Totals
         0          0          0          0          0          0   (incl. Padding)

    ----------------------------------------------------------------------

      Code (inc. data)   RO Data    RW Data    ZI Data      Debug   Library Name

       130         16          0          0          0        140   mc_p.l

    ----------------------------------------------------------------------
       130         16          0          0          0        140   Library Totals

    ----------------------------------------------------------------------

==============================================================================


      Code (inc. data)   RO Data    RW Data    ZI Data      Debug   

      6440        488        244          8       1576     548883   Grand Totals
      6440        488        244          8       1576     548883   ELF Image Totals
      6440        488        244          8          0          0   ROM Totals

==============================================================================

    Total RO  Size (Code + RO Data)                 6684 (   6.53kB)
    Total RW  Size (RW Data + ZI Data)              1584 (   1.55kB)
    Total ROM Size (Code + RO Data + RW Data)       6692 (   6.54kB)

==============================================================================

